Archive member included to satisfy reference by file (symbol)

I:/ARM-GN~1.3/133167~1.3RE/bin/../lib/gcc/arm-none-eabi/13.3.1/thumb/v7e-m+fp/hard\libgcc.a(_arm_muldf3.o)
                              CMakeFiles/Engineering_UserDefine_Version2.elf.dir/Virtual_IIC/iic1.c.obj (__aeabi_dmul)
I:/ARM-GN~1.3/133167~1.3RE/bin/../lib/gcc/arm-none-eabi/13.3.1/thumb/v7e-m+fp/hard\libgcc.a(_arm_addsubdf3.o)
                              CMakeFiles/Engineering_UserDefine_Version2.elf.dir/Virtual_IIC/iic1.c.obj (__aeabi_i2d)
I:/ARM-GN~1.3/133167~1.3RE/bin/../lib/gcc/arm-none-eabi/13.3.1/thumb/v7e-m+fp/hard\libgcc.a(_arm_truncdfsf2.o)
                              CMakeFiles/Engineering_UserDefine_Version2.elf.dir/Virtual_IIC/iic1.c.obj (__aeabi_d2f)
I:/ARM-GN~1.3/133167~1.3RE/bin/../lib/gcc/arm-none-eabi/13.3.1/thumb/v7e-m+fp/hard\libgcc.a(_aeabi_uldivmod.o)
                              CMakeFiles/Engineering_UserDefine_Version2.elf.dir/Drivers/STM32F4xx_HAL_Driver/Src/stm32f4xx_hal_rcc.c.obj (__aeabi_uldivmod)
I:/ARM-GN~1.3/133167~1.3RE/bin/../lib/gcc/arm-none-eabi/13.3.1/thumb/v7e-m+fp/hard\libgcc.a(_udivmoddi4.o)
                              I:/ARM-GN~1.3/133167~1.3RE/bin/../lib/gcc/arm-none-eabi/13.3.1/thumb/v7e-m+fp/hard\libgcc.a(_aeabi_uldivmod.o) (__udivmoddi4)
I:/ARM-GN~1.3/133167~1.3RE/bin/../lib/gcc/arm-none-eabi/13.3.1/thumb/v7e-m+fp/hard\libgcc.a(_dvmd_tls.o)
                              I:/ARM-GN~1.3/133167~1.3RE/bin/../lib/gcc/arm-none-eabi/13.3.1/thumb/v7e-m+fp/hard\libgcc.a(_aeabi_uldivmod.o) (__aeabi_ldiv0)
I:/ARM-GN~1.3/133167~1.3RE/bin/../lib/gcc/arm-none-eabi/13.3.1/thumb/v7e-m+fp/hard\libg.a(libc_a-exit.o)
                              I:/ARM-GN~1.3/133167~1.3RE/bin/../lib/gcc/arm-none-eabi/13.3.1/thumb/v7e-m+fp/hard/crt0.o (exit)
I:/ARM-GN~1.3/133167~1.3RE/bin/../lib/gcc/arm-none-eabi/13.3.1/thumb/v7e-m+fp/hard\libg.a(libc_a-findfp.o)
                              I:/ARM-GN~1.3/133167~1.3RE/bin/../lib/gcc/arm-none-eabi/13.3.1/thumb/v7e-m+fp/hard\libg.a(libc_a-exit.o) (__stdio_exit_handler)
I:/ARM-GN~1.3/133167~1.3RE/bin/../lib/gcc/arm-none-eabi/13.3.1/thumb/v7e-m+fp/hard\libg.a(libc_a-fwalk.o)
                              I:/ARM-GN~1.3/133167~1.3RE/bin/../lib/gcc/arm-none-eabi/13.3.1/thumb/v7e-m+fp/hard\libg.a(libc_a-findfp.o) (_fwalk_sglue)
I:/ARM-GN~1.3/133167~1.3RE/bin/../lib/gcc/arm-none-eabi/13.3.1/thumb/v7e-m+fp/hard\libg.a(libc_a-puts.o)
                              CMakeFiles/Engineering_UserDefine_Version2.elf.dir/USER/encode_iic.c.obj (puts)
I:/ARM-GN~1.3/133167~1.3RE/bin/../lib/gcc/arm-none-eabi/13.3.1/thumb/v7e-m+fp/hard\libg.a(libc_a-stdio.o)
                              I:/ARM-GN~1.3/133167~1.3RE/bin/../lib/gcc/arm-none-eabi/13.3.1/thumb/v7e-m+fp/hard\libg.a(libc_a-findfp.o) (__sread)
I:/ARM-GN~1.3/133167~1.3RE/bin/../lib/gcc/arm-none-eabi/13.3.1/thumb/v7e-m+fp/hard\libg.a(libc_a-memset.o)
                              I:/ARM-GN~1.3/133167~1.3RE/bin/../lib/gcc/arm-none-eabi/13.3.1/thumb/v7e-m+fp/hard/crt0.o (memset)
I:/ARM-GN~1.3/133167~1.3RE/bin/../lib/gcc/arm-none-eabi/13.3.1/thumb/v7e-m+fp/hard\libg.a(libc_a-closer.o)
                              I:/ARM-GN~1.3/133167~1.3RE/bin/../lib/gcc/arm-none-eabi/13.3.1/thumb/v7e-m+fp/hard\libg.a(libc_a-stdio.o) (_close_r)
I:/ARM-GN~1.3/133167~1.3RE/bin/../lib/gcc/arm-none-eabi/13.3.1/thumb/v7e-m+fp/hard\libg.a(libc_a-reent.o)
                              I:/ARM-GN~1.3/133167~1.3RE/bin/../lib/gcc/arm-none-eabi/13.3.1/thumb/v7e-m+fp/hard\libg.a(libc_a-closer.o) (errno)
I:/ARM-GN~1.3/133167~1.3RE/bin/../lib/gcc/arm-none-eabi/13.3.1/thumb/v7e-m+fp/hard\libg.a(libc_a-impure.o)
                              I:/ARM-GN~1.3/133167~1.3RE/bin/../lib/gcc/arm-none-eabi/13.3.1/thumb/v7e-m+fp/hard\libg.a(libc_a-puts.o) (_impure_ptr)
I:/ARM-GN~1.3/133167~1.3RE/bin/../lib/gcc/arm-none-eabi/13.3.1/thumb/v7e-m+fp/hard\libg.a(libc_a-lseekr.o)
                              I:/ARM-GN~1.3/133167~1.3RE/bin/../lib/gcc/arm-none-eabi/13.3.1/thumb/v7e-m+fp/hard\libg.a(libc_a-stdio.o) (_lseek_r)
I:/ARM-GN~1.3/133167~1.3RE/bin/../lib/gcc/arm-none-eabi/13.3.1/thumb/v7e-m+fp/hard\libg.a(libc_a-readr.o)
                              I:/ARM-GN~1.3/133167~1.3RE/bin/../lib/gcc/arm-none-eabi/13.3.1/thumb/v7e-m+fp/hard\libg.a(libc_a-stdio.o) (_read_r)
I:/ARM-GN~1.3/133167~1.3RE/bin/../lib/gcc/arm-none-eabi/13.3.1/thumb/v7e-m+fp/hard\libg.a(libc_a-writer.o)
                              I:/ARM-GN~1.3/133167~1.3RE/bin/../lib/gcc/arm-none-eabi/13.3.1/thumb/v7e-m+fp/hard\libg.a(libc_a-stdio.o) (_write_r)
I:/ARM-GN~1.3/133167~1.3RE/bin/../lib/gcc/arm-none-eabi/13.3.1/thumb/v7e-m+fp/hard\libg.a(libc_a-errno.o)
                              CMakeFiles/Engineering_UserDefine_Version2.elf.dir/Core/Src/syscalls.c.obj (__errno)
I:/ARM-GN~1.3/133167~1.3RE/bin/../lib/gcc/arm-none-eabi/13.3.1/thumb/v7e-m+fp/hard\libg.a(libc_a-init.o)
                              I:/ARM-GN~1.3/133167~1.3RE/bin/../lib/gcc/arm-none-eabi/13.3.1/thumb/v7e-m+fp/hard/crt0.o (__libc_init_array)
[...]
Memory Configuration

Name             Origin             Length             Attributes
CCMRAM           0x10000000         0x00010000         xrw
RAM              0x20000000         0x00020000         xrw
FLASH            0x08000000         0x00080000         xr
*default*        0x00000000         0xffffffff

Linker script and memory map

LOAD I:/ARM-GN~1.3/133167~1.3RE/bin/../lib/gcc/arm-none-eabi/13.3.1/thumb/v7e-m+fp/hard/crti.o
LOAD I:/ARM-GN~1.3/133167~1.3RE/bin/../lib/gcc/arm-none-eabi/13.3.1/thumb/v7e-m+fp/hard/crtbegin.o
LOAD I:/ARM-GN~1.3/133167~1.3RE/bin/../lib/gcc/arm-none-eabi/13.3.1/thumb/v7e-m+fp/hard/crt0.o
LOAD CMakeFiles/Engineering_UserDefine_Version2.elf.dir/Core/Src/dma.c.obj
LOAD CMakeFiles/Engineering_UserDefine_Version2.elf.dir/Core/Src/freertos.c.obj
LOAD CMakeFiles/Engineering_UserDefine_Version2.elf.dir/Core/Src/gpio.c.obj
LOAD CMakeFiles/Engineering_UserDefine_Version2.elf.dir/Core/Src/main.c.obj
LOAD CMakeFiles/Engineering_UserDefine_Version2.elf.dir/Core/Src/stm32f4xx_hal_msp.c.obj
LOAD CMakeFiles/Engineering_UserDefine_Version2.elf.dir/Core/Src/stm32f4xx_hal_timebase_tim.c.obj
LOAD CMakeFiles/Engineering_UserDefine_Version2.elf.dir/Core/Src/stm32f4xx_it.c.obj
LOAD CMakeFiles/Engineering_UserDefine_Version2.elf.dir/Core/Src/syscalls.c.obj
LOAD CMakeFiles/Engineering_UserDefine_Version2.elf.dir/Core/Src/sysmem.c.obj
LOAD CMakeFiles/Engineering_UserDefine_Version2.elf.dir/Core/Src/system_stm32f4xx.c.obj
LOAD CMakeFiles/Engineering_UserDefine_Version2.elf.dir/Core/Src/usart.c.obj
LOAD CMakeFiles/Engineering_UserDefine_Version2.elf.dir/Core/Startup/startup_stm32f407vetx.s.obj
LOAD CMakeFiles/Engineering_UserDefine_Version2.elf.dir/Drivers/STM32F4xx_HAL_Driver/Src/stm32f4xx_hal.c.obj
LOAD CMakeFiles/Engineering_UserDefine_Version2.elf.dir/Drivers/STM32F4xx_HAL_Driver/Src/stm32f4xx_hal_cortex.c.obj
LOAD CMakeFiles/Engineering_UserDefine_Version2.elf.dir/Drivers/STM32F4xx_HAL_Driver/Src/stm32f4xx_hal_dma.c.obj
LOAD CMakeFiles/Engineering_UserDefine_Version2.elf.dir/Drivers/STM32F4xx_HAL_Driver/Src/stm32f4xx_hal_dma_ex.c.obj
LOAD CMakeFiles/Engineering_UserDefine_Version2.elf.dir/Drivers/STM32F4xx_HAL_Driver/Src/stm32f4xx_hal_exti.c.obj
LOAD CMakeFiles/Engineering_UserDefine_Version2.elf.dir/Drivers/STM32F4xx_HAL_Driver/Src/stm32f4xx_hal_flash.c.obj
LOAD CMakeFiles/Engineering_UserDefine_Version2.elf.dir/Drivers/STM32F4xx_HAL_Driver/Src/stm32f4xx_hal_flash_ex.c.obj
LOAD CMakeFiles/Engineering_UserDefine_Version2.elf.dir/Drivers/STM32F4xx_HAL_Driver/Src/stm32f4xx_hal_flash_ramfunc.c.obj
LOAD CMakeFiles/Engineering_UserDefine_Version2.elf.dir/Drivers/STM32F4xx_HAL_Driver/Src/stm32f4xx_hal_gpio.c.obj
LOAD CMakeFiles/Engineering_UserDefine_Version2.elf.dir/Drivers/STM32F4xx_HAL_Driver/Src/stm32f4xx_hal_pwr.c.obj
LOAD CMakeFiles/Engineering_UserDefine_Version2.elf.dir/Drivers/STM32F4xx_HAL_Driver/Src/stm32f4xx_hal_pwr_ex.c.obj
LOAD CMakeFiles/Engineering_UserDefine_Version2.elf.dir/Drivers/STM32F4xx_HAL_Driver/Src/stm32f4xx_hal_rcc.c.obj
LOAD CMakeFiles/Engineering_UserDefine_Version2.elf.dir/Drivers/STM32F4xx_HAL_Driver/Src/stm32f4xx_hal_rcc_ex.c.obj
LOAD CMakeFiles/Engineering_UserDefine_Version2.elf.dir/Drivers/STM32F4xx_HAL_Driver/Src/stm32f4xx_hal_tim.c.obj
LOAD CMakeFiles/Engineering_UserDefine_Version2.elf.dir/Drivers/STM32F4xx_HAL_Driver/Src/stm32f4xx_hal_tim_ex.c.obj
LOAD CMakeFiles/Engineering_UserDefine_Version2.elf.dir/Drivers/STM32F4xx_HAL_Driver/Src/stm32f4xx_hal_uart.c.obj
LOAD CMakeFiles/Engineering_UserDefine_Version2.elf.dir/Middlewares/Third_Party/FreeRTOS/Source/CMSIS_RTOS/cmsis_os.c.obj
LOAD CMakeFiles/Engineering_UserDefine_Version2.elf.dir/Middlewares/Third_Party/FreeRTOS/Source/croutine.c.obj
LOAD CMakeFiles/Engineering_UserDefine_Version2.elf.dir/Middlewares/Third_Party/FreeRTOS/Source/event_groups.c.obj
LOAD CMakeFiles/Engineering_UserDefine_Version2.elf.dir/Middlewares/Third_Party/FreeRTOS/Source/list.c.obj
LOAD CMakeFiles/Engineering_UserDefine_Version2.elf.dir/Middlewares/Third_Party/FreeRTOS/Source/portable/GCC/ARM_CM4F/port.c.obj
LOAD CMakeFiles/Engineering_UserDefine_Version2.elf.dir/Middlewares/Third_Party/FreeRTOS/Source/portable/MemMang/heap_4.c.obj
LOAD CMakeFiles/Engineering_UserDefine_Version2.elf.dir/Middlewares/Third_Party/FreeRTOS/Source/queue.c.obj
LOAD CMakeFiles/Engineering_UserDefine_Version2.elf.dir/Middlewares/Third_Party/FreeRTOS/Source/stream_buffer.c.obj
LOAD CMakeFiles/Engineering_UserDefine_Version2.elf.dir/Middlewares/Third_Party/FreeRTOS/Source/tasks.c.obj
LOAD CMakeFiles/Engineering_UserDefine_Version2.elf.dir/Middlewares/Third_Party/FreeRTOS/Source/timers.c.obj
LOAD CMakeFiles/Engineering_UserDefine_Version2.elf.dir/USER/encode_iic.c.obj
LOAD CMakeFiles/Engineering_UserDefine_Version2.elf.dir/USER/filter.c.obj
LOAD CMakeFiles/Engineering_UserDefine_Version2.elf.dir/USER/usart2_send.c.obj
LOAD CMakeFiles/Engineering_UserDefine_Version2.elf.dir/Virtual_IIC/iic1.c.obj
LOAD CMakeFiles/Engineering_UserDefine_Version2.elf.dir/Virtual_IIC/iic2.c.obj
LOAD CMakeFiles/Engineering_UserDefine_Version2.elf.dir/Virtual_IIC/iic3.c.obj
LOAD CMakeFiles/Engineering_UserDefine_Version2.elf.dir/Virtual_IIC/iic4.c.obj
LOAD CMakeFiles/Engineering_UserDefine_Version2.elf.dir/Virtual_IIC/iic5.c.obj
LOAD CMakeFiles/Engineering_UserDefine_Version2.elf.dir/Virtual_IIC/iic6.c.obj
START GROUP
LOAD I:/ARM-GN~1.3/133167~1.3RE/bin/../lib/gcc/arm-none-eabi/13.3.1/thumb/v7e-m+fp/hard\libgcc.a
LOAD I:/ARM-GN~1.3/133167~1.3RE/bin/../lib/gcc/arm-none-eabi/13.3.1/thumb/v7e-m+fp/hard\libg.a
LOAD I:/ARM-GN~1.3/133167~1.3RE/bin/../lib/gcc/arm-none-eabi/13.3.1/thumb/v7e-m+fp/hard\libc.a
END GROUP
LOAD I:/ARM-GN~1.3/133167~1.3RE/bin/../lib/gcc/arm-none-eabi/13.3.1/thumb/v7e-m+fp/hard/crtend.o
LOAD I:/ARM-GN~1.3/133167~1.3RE/bin/../lib/gcc/arm-none-eabi/13.3.1/thumb/v7e-m+fp/hard/crtn.o
                0x20020000                        _estack = (ORIGIN (RAM) + LENGTH (RAM))
                0x00000200                        _Min_Heap_Size = 0x200
                0x00000400                        _Min_Stack_Size = 0x400

.isr_vector     0x08000000      0x188
                0x08000000                        . = ALIGN (0x4)
 *(.isr_vector)
 .isr_vector    0x08000000      0x188 CMakeFiles/Engineering_UserDefine_Version2.elf.dir/Core/Startup/startup_stm32f407vetx.s.obj
                0x08000000                g_pfnVectors
                0x08000188                        . = ALIGN (0x4)

.text           0x080001c0     0x6fc0
                0x080001c0                        . = ALIGN (0x4)
 *(.text)
 .text          0x080001c0      0x254 I:/ARM-GN~1.3/133167~1.3RE/bin/../lib/gcc/arm-none-eabi/13.3.1/thumb/v7e-m+fp/hard\libgcc.a(_arm_muldf3.o)
                0x080001c0                __muldf3
                0x080001c0                __aeabi_dmul
 .text          0x08000414      0x378 I:/ARM-GN~1.3/133167~1.3RE/bin/../lib/gcc/arm-none-eabi/13.3.1/thumb/v7e-m+fp/hard\libgcc.a(_arm_addsubdf3.o)
                0x08000414                __aeabi_drsub
                0x0800041c                __aeabi_dsub
                0x0800041c                __subdf3
                0x08000420                __aeabi_dadd
                0x08000420                __adddf3
                0x08000698                __floatunsidf
                0x08000698                __aeabi_ui2d
                0x080006b8                __floatsidf
                0x080006b8                __aeabi_i2d
                0x080006dc                __aeabi_f2d
                0x080006dc                __extendsfdf2
                0x08000720                __floatundidf
                0x08000720                __aeabi_ul2d
                0x08000730                __floatdidf
                0x08000730                __aeabi_l2d
 .text          0x0800078c       0xa0 I:/ARM-GN~1.3/133167~1.3RE/bin/../lib/gcc/arm-none-eabi/13.3.1/thumb/v7e-m+fp/hard\libgcc.a(_arm_truncdfsf2.o)
                0x0800078c                __truncdfsf2
                0x0800078c                __aeabi_d2f
 .text          0x0800082c       0x30 I:/ARM-GN~1.3/133167~1.3RE/bin/../lib/gcc/arm-none-eabi/13.3.1/thumb/v7e-m+fp/hard\libgcc.a(_aeabi_uldivmod.o)
                0x0800082c                __aeabi_uldivmod
 .text          0x0800085c        0x4 I:/ARM-GN~1.3/133167~1.3RE/bin/../lib/gcc/arm-none-eabi/13.3.1/thumb/v7e-m+fp/hard\libgcc.a(_dvmd_tls.o)
                0x0800085c                __aeabi_idiv0
                0x0800085c                __aeabi_ldiv0
 .text          0x08000860      0x134 I:/ARM-GN~1.3/133167~1.3RE/bin/../lib/gcc/arm-none-eabi/13.3.1/thumb/v7e-m+fp/hard\libg.a(libc_a-memcpy.o)
                0x08000860                memcpy
 *fill*         0x08000994       0x2c 
 .text          0x080009c0       0xd8 I:/ARM-GN~1.3/133167~1.3RE/bin/../lib/gcc/arm-none-eabi/13.3.1/thumb/v7e-m+fp/hard\libg.a(libc_a-strlen.o)
                0x080009c0                strlen
 *fill*         0x08000a98        0x8 
 .text          0x08000aa0       0xa0 I:/ARM-GN~1.3/133167~1.3RE/bin/../lib/gcc/arm-none-eabi/13.3.1/thumb/v7e-m+fp/hard\libg.a(libc_a-memchr.o)
                0x08000aa0                memchr
 *(.text*)
 .text.deregister_tm_clones
                0x08000b40       0x1c I:/ARM-GN~1.3/133167~1.3RE/bin/../lib/gcc/arm-none-eabi/13.3.1/thumb/v7e-m+fp/hard/crtbegin.o
 .text.register_tm_clones
                0x08000b5c       0x24 I:/ARM-GN~1.3/133167~1.3RE/bin/../lib/gcc/arm-none-eabi/13.3.1/thumb/v7e-m+fp/hard/crtbegin.o
 .text.__do_global_dtors_aux
                0x08000b80       0x28 I:/ARM-GN~1.3/133167~1.3RE/bin/../lib/gcc/arm-none-eabi/13.3.1/thumb/v7e-m+fp/hard/crtbegin.o
 .text.frame_dummy
                0x08000ba8       0x24 I:/ARM-GN~1.3/133167~1.3RE/bin/../lib/gcc/arm-none-eabi/13.3.1/thumb/v7e-m+fp/hard/crtbegin.o
 .text.MX_DMA_Init
                0x08000bcc       0x34 CMakeFiles/Engineering_UserDefine_Version2.elf.dir/Core/Src/dma.c.obj
                0x08000bcc                MX_DMA_Init
 .text.vApplicationGetIdleTaskMemory
                0x08000c00       0x18 CMakeFiles/Engineering_UserDefine_Version2.elf.dir/Core/Src/freertos.c.obj
                0x08000c00                vApplicationGetIdleTaskMemory
 .text.MX_FREERTOS_Init
                0x08000c18       0x5c CMakeFiles/Engineering_UserDefine_Version2.elf.dir/Core/Src/freertos.c.obj
                0x08000c18                MX_FREERTOS_Init
 .text.MX_GPIO_Init
                0x08000c74      0x1a4 CMakeFiles/Engineering_UserDefine_Version2.elf.dir/Core/Src/gpio.c.obj
                0x08000c74                MX_GPIO_Init
 .text.delayUs  0x08000e18        0xc CMakeFiles/Engineering_UserDefine_Version2.elf.dir/Core/Src/main.c.obj
                0x08000e18                delayUs
 .text.HAL_TIM_PeriodElapsedCallback
                0x08000e24       0x18 CMakeFiles/Engineering_UserDefine_Version2.elf.dir/Core/Src/main.c.obj
                0x08000e24                HAL_TIM_PeriodElapsedCallback
 .text.Error_Handler
                0x08000e3c        0x4 CMakeFiles/Engineering_UserDefine_Version2.elf.dir/Core/Src/main.c.obj
                0x08000e3c                Error_Handler
 .text.SystemClock_Config
                0x08000e40       0xac CMakeFiles/Engineering_UserDefine_Version2.elf.dir/Core/Src/main.c.obj
                0x08000e40                SystemClock_Config
 .text.main     0x08000eec       0x20 CMakeFiles/Engineering_UserDefine_Version2.elf.dir/Core/Src/main.c.obj
                0x08000eec                main
 .text.HAL_MspInit
                0x08000f0c       0x44 CMakeFiles/Engineering_UserDefine_Version2.elf.dir/Core/Src/stm32f4xx_hal_msp.c.obj
                0x08000f0c                HAL_MspInit
 .text.HAL_InitTick
                0x08000f50       0xa4 CMakeFiles/Engineering_UserDefine_Version2.elf.dir/Core/Src/stm32f4xx_hal_timebase_tim.c.obj
                0x08000f50                HAL_InitTick
 .text.NMI_Handler
                0x08000ff4        0x2 CMakeFiles/Engineering_UserDefine_Version2.elf.dir/Core/Src/stm32f4xx_it.c.obj
                0x08000ff4                NMI_Handler
 .text.HardFault_Handler
                0x08000ff6        0x2 CMakeFiles/Engineering_UserDefine_Version2.elf.dir/Core/Src/stm32f4xx_it.c.obj
                0x08000ff6                HardFault_Handler
 .text.MemManage_Handler
                0x08000ff8        0x2 CMakeFiles/Engineering_UserDefine_Version2.elf.dir/Core/Src/stm32f4xx_it.c.obj
                0x08000ff8                MemManage_Handler
 .text.BusFault_Handler
                0x08000ffa        0x2 CMakeFiles/Engineering_UserDefine_Version2.elf.dir/Core/Src/stm32f4xx_it.c.obj
                0x08000ffa                BusFault_Handler
 .text.UsageFault_Handler
                0x08000ffc        0x2 CMakeFiles/Engineering_UserDefine_Version2.elf.dir/Core/Src/stm32f4xx_it.c.obj
                0x08000ffc                UsageFault_Handler
 .text.DebugMon_Handler
                0x08000ffe        0x2 CMakeFiles/Engineering_UserDefine_Version2.elf.dir/Core/Src/stm32f4xx_it.c.obj
                0x08000ffe                DebugMon_Handler
 .text.DMA1_Stream6_IRQHandler
                0x08001000       0x10 CMakeFiles/Engineering_UserDefine_Version2.elf.dir/Core/Src/stm32f4xx_it.c.obj
                0x08001000                DMA1_Stream6_IRQHandler
 .text.TIM4_IRQHandler
                0x08001010       0x10 CMakeFiles/Engineering_UserDefine_Version2.elf.dir/Core/Src/stm32f4xx_it.c.obj
                0x08001010                TIM4_IRQHandler
 .text.USART2_IRQHandler
                0x08001020       0x10 CMakeFiles/Engineering_UserDefine_Version2.elf.dir/Core/Src/stm32f4xx_it.c.obj
                0x08001020                USART2_IRQHandler
 .text._read    0x08001030       0x20 CMakeFiles/Engineering_UserDefine_Version2.elf.dir/Core/Src/syscalls.c.obj
                0x08001030                _read
 .text._write   0x08001050       0x1c CMakeFiles/Engineering_UserDefine_Version2.elf.dir/Core/Src/syscalls.c.obj
                0x08001050                _write
 .text._close   0x0800106c        0x6 CMakeFiles/Engineering_UserDefine_Version2.elf.dir/Core/Src/syscalls.c.obj
                0x0800106c                _close
 .text._fstat   0x08001072        0xa CMakeFiles/Engineering_UserDefine_Version2.elf.dir/Core/Src/syscalls.c.obj
                0x08001072                _fstat
 .text._isatty  0x0800107c        0x4 CMakeFiles/Engineering_UserDefine_Version2.elf.dir/Core/Src/syscalls.c.obj
                0x0800107c                _isatty
 .text._lseek   0x08001080        0x4 CMakeFiles/Engineering_UserDefine_Version2.elf.dir/Core/Src/syscalls.c.obj
                0x08001080                _lseek
 .text._sbrk    0x08001084       0x48 CMakeFiles/Engineering_UserDefine_Version2.elf.dir/Core/Src/sysmem.c.obj
                0x08001084                _sbrk
 .text.SystemInit
                0x080010cc       0x14 CMakeFiles/Engineering_UserDefine_Version2.elf.dir/Core/Src/system_stm32f4xx.c.obj
                0x080010cc                SystemInit
 .text.MX_USART2_UART_Init
                0x080010e0       0x34 CMakeFiles/Engineering_UserDefine_Version2.elf.dir/Core/Src/usart.c.obj
                0x080010e0                MX_USART2_UART_Init
 .text.HAL_UART_MspInit
                0x08001114       0xc0 CMakeFiles/Engineering_UserDefine_Version2.elf.dir/Core/Src/usart.c.obj
                0x08001114                HAL_UART_MspInit
 .text.Reset_Handler
                0x080011d4       0x50 CMakeFiles/Engineering_UserDefine_Version2.elf.dir/Core/Startup/startup_stm32f407vetx.s.obj
                0x080011d4                Reset_Handler
 .text.Default_Handler
                0x08001224        0x2 CMakeFiles/Engineering_UserDefine_Version2.elf.dir/Core/Startup/startup_stm32f407vetx.s.obj
                0x08001224                RTC_Alarm_IRQHandler
                0x08001224                HASH_RNG_IRQHandler
                0x08001224                EXTI2_IRQHandler
                0x08001224                TIM8_CC_IRQHandler
                0x08001224                TIM1_CC_IRQHandler
                0x08001224                DMA2_Stream5_IRQHandler
                0x08001224                DMA1_Stream5_IRQHandler
                0x08001224                PVD_IRQHandler
                0x08001224                SDIO_IRQHandler
                0x08001224                TAMP_STAMP_IRQHandler
                0x08001224                CAN2_RX1_IRQHandler
                0x08001224                EXTI3_IRQHandler
                0x08001224                TIM8_TRG_COM_TIM14_IRQHandler
                0x08001224                TIM1_UP_TIM10_IRQHandler
                0x08001224                TIM8_UP_TIM13_IRQHandler
                0x08001224                I2C3_ER_IRQHandler
                0x08001224                EXTI0_IRQHandler
                0x08001224                I2C2_EV_IRQHandler
                0x08001224                DMA1_Stream2_IRQHandler
                0x08001224                CAN1_RX0_IRQHandler
                0x08001224                FPU_IRQHandler
                0x08001224                OTG_HS_WKUP_IRQHandler
                0x08001224                CAN2_SCE_IRQHandler
                0x08001224                DMA2_Stream2_IRQHandler
                0x08001224                SPI1_IRQHandler
                0x08001224                TIM6_DAC_IRQHandler
                0x08001224                TIM1_BRK_TIM9_IRQHandler
                0x08001224                DCMI_IRQHandler
                0x08001224                CAN2_RX0_IRQHandler
                0x08001224                DMA2_Stream3_IRQHandler
                0x08001224                USART6_IRQHandler
                0x08001224                USART3_IRQHandler
                0x08001224                CAN1_RX1_IRQHandler
                0x08001224                UART5_IRQHandler
                0x08001224                DMA2_Stream0_IRQHandler
                0x08001224                I2C1_EV_IRQHandler
                0x08001224                DMA1_Stream1_IRQHandler
                0x08001224                UART4_IRQHandler
                0x08001224                TIM3_IRQHandler
                0x08001224                RCC_IRQHandler
                0x08001224                TIM8_BRK_TIM12_IRQHandler
                0x08001224                Default_Handler
                0x08001224                EXTI15_10_IRQHandler
                0x08001224                ADC_IRQHandler
                0x08001224                DMA1_Stream7_IRQHandler
                0x08001224                TIM7_IRQHandler
                0x08001224                CAN2_TX_IRQHandler
                0x08001224                TIM5_IRQHandler
                0x08001224                DMA2_Stream7_IRQHandler
                0x08001224                I2C3_EV_IRQHandler
                0x08001224                EXTI9_5_IRQHandler
                0x08001224                RTC_WKUP_IRQHandler
                0x08001224                ETH_WKUP_IRQHandler
                0x08001224                SPI2_IRQHandler
                0x08001224                OTG_HS_EP1_IN_IRQHandler
                0x08001224                DMA1_Stream0_IRQHandler
                0x08001224                CAN1_TX_IRQHandler
                0x08001224                EXTI4_IRQHandler
                0x08001224                FSMC_IRQHandler
                0x08001224                ETH_IRQHandler
                0x08001224                OTG_HS_EP1_OUT_IRQHandler
                0x08001224                WWDG_IRQHandler
                0x08001224                TIM2_IRQHandler
                0x08001224                OTG_FS_WKUP_IRQHandler
                0x08001224                TIM1_TRG_COM_TIM11_IRQHandler
                0x08001224                OTG_HS_IRQHandler
                0x08001224                EXTI1_IRQHandler
                0x08001224                I2C2_ER_IRQHandler
                0x08001224                DMA2_Stream1_IRQHandler
                0x08001224                CAN1_SCE_IRQHandler
                0x08001224                FLASH_IRQHandler
                0x08001224                DMA2_Stream4_IRQHandler
                0x08001224                USART1_IRQHandler
                0x08001224                OTG_FS_IRQHandler
                0x08001224                SPI3_IRQHandler
                0x08001224                DMA1_Stream4_IRQHandler
                0x08001224                I2C1_ER_IRQHandler
                0x08001224                DMA2_Stream6_IRQHandler
                0x08001224                DMA1_Stream3_IRQHandler
 *fill*         0x08001226        0x2 
 .text.HAL_Init
                0x08001228       0x34 CMakeFiles/Engineering_UserDefine_Version2.elf.dir/Drivers/STM32F4xx_HAL_Driver/Src/stm32f4xx_hal.c.obj
                0x08001228                HAL_Init
 .text.HAL_IncTick
                0x0800125c       0x18 CMakeFiles/Engineering_UserDefine_Version2.elf.dir/Drivers/STM32F4xx_HAL_Driver/Src/stm32f4xx_hal.c.obj
                0x0800125c                HAL_IncTick
 .text.HAL_GetTick
                0x08001274        0xc CMakeFiles/Engineering_UserDefine_Version2.elf.dir/Drivers/STM32F4xx_HAL_Driver/Src/stm32f4xx_hal.c.obj
                0x08001274                HAL_GetTick
 .text.__NVIC_EnableIRQ
                0x08001280       0x1c CMakeFiles/Engineering_UserDefine_Version2.elf.dir/Drivers/STM32F4xx_HAL_Driver/Src/stm32f4xx_hal_cortex.c.obj
 .text.__NVIC_SetPriority
                0x0800129c       0x28 CMakeFiles/Engineering_UserDefine_Version2.elf.dir/Drivers/STM32F4xx_HAL_Driver/Src/stm32f4xx_hal_cortex.c.obj
 .text.NVIC_EncodePriority
                0x080012c4       0x3e CMakeFiles/Engineering_UserDefine_Version2.elf.dir/Drivers/STM32F4xx_HAL_Driver/Src/stm32f4xx_hal_cortex.c.obj
 *fill*         0x08001302        0x2 
 .text.HAL_NVIC_SetPriorityGrouping
                0x08001304       0x24 CMakeFiles/Engineering_UserDefine_Version2.elf.dir/Drivers/STM32F4xx_HAL_Driver/Src/stm32f4xx_hal_cortex.c.obj
                0x08001304                HAL_NVIC_SetPriorityGrouping
 .text.HAL_NVIC_SetPriority
                0x08001328       0x20 CMakeFiles/Engineering_UserDefine_Version2.elf.dir/Drivers/STM32F4xx_HAL_Driver/Src/stm32f4xx_hal_cortex.c.obj
                0x08001328                HAL_NVIC_SetPriority
 .text.HAL_NVIC_EnableIRQ
                0x08001348        0x8 CMakeFiles/Engineering_UserDefine_Version2.elf.dir/Drivers/STM32F4xx_HAL_Driver/Src/stm32f4xx_hal_cortex.c.obj
                0x08001348                HAL_NVIC_EnableIRQ
 .text.DMA_SetConfig
                0x08001350       0x2c CMakeFiles/Engineering_UserDefine_Version2.elf.dir/Drivers/STM32F4xx_HAL_Driver/Src/stm32f4xx_hal_dma.c.obj
 .text.DMA_CalcBaseAndBitshift
                0x0800137c       0x3c CMakeFiles/Engineering_UserDefine_Version2.elf.dir/Drivers/STM32F4xx_HAL_Driver/Src/stm32f4xx_hal_dma.c.obj
 .text.DMA_CheckFifoParam
                0x080013b8       0x8e CMakeFiles/Engineering_UserDefine_Version2.elf.dir/Drivers/STM32F4xx_HAL_Driver/Src/stm32f4xx_hal_dma.c.obj
 *fill*         0x08001446        0x2 
 .text.HAL_DMA_Init
                0x08001448       0xcc CMakeFiles/Engineering_UserDefine_Version2.elf.dir/Drivers/STM32F4xx_HAL_Driver/Src/stm32f4xx_hal_dma.c.obj
                0x08001448                HAL_DMA_Init
 .text.HAL_DMA_Start_IT
                0x08001514       0x6a CMakeFiles/Engineering_UserDefine_Version2.elf.dir/Drivers/STM32F4xx_HAL_Driver/Src/stm32f4xx_hal_dma.c.obj
                0x08001514                HAL_DMA_Start_IT
 .text.HAL_DMA_Abort
                0x0800157e       0x94 CMakeFiles/Engineering_UserDefine_Version2.elf.dir/Drivers/STM32F4xx_HAL_Driver/Src/stm32f4xx_hal_dma.c.obj
                0x0800157e                HAL_DMA_Abort
 .text.HAL_DMA_Abort_IT
                0x08001612       0x26 CMakeFiles/Engineering_UserDefine_Version2.elf.dir/Drivers/STM32F4xx_HAL_Driver/Src/stm32f4xx_hal_dma.c.obj
                0x08001612                HAL_DMA_Abort_IT
 .text.HAL_DMA_IRQHandler
                0x08001638      0x1dc CMakeFiles/Engineering_UserDefine_Version2.elf.dir/Drivers/STM32F4xx_HAL_Driver/Src/stm32f4xx_hal_dma.c.obj
                0x08001638                HAL_DMA_IRQHandler
 .text.HAL_GPIO_Init
                0x08001814      0x1ec CMakeFiles/Engineering_UserDefine_Version2.elf.dir/Drivers/STM32F4xx_HAL_Driver/Src/stm32f4xx_hal_gpio.c.obj
                0x08001814                HAL_GPIO_Init
 .text.HAL_GPIO_WritePin
                0x08001a00        0xc CMakeFiles/Engineering_UserDefine_Version2.elf.dir/Drivers/STM32F4xx_HAL_Driver/Src/stm32f4xx_hal_gpio.c.obj
                0x08001a00                HAL_GPIO_WritePin
 .text.HAL_RCC_OscConfig
                0x08001a0c      0x3f8 CMakeFiles/Engineering_UserDefine_Version2.elf.dir/Drivers/STM32F4xx_HAL_Driver/Src/stm32f4xx_hal_rcc.c.obj
                0x08001a0c                HAL_RCC_OscConfig
 .text.HAL_RCC_GetSysClockFreq
                0x08001e04       0xa8 CMakeFiles/Engineering_UserDefine_Version2.elf.dir/Drivers/STM32F4xx_HAL_Driver/Src/stm32f4xx_hal_rcc.c.obj
                0x08001e04                HAL_RCC_GetSysClockFreq
 .text.HAL_RCC_ClockConfig
                0x08001eac      0x160 CMakeFiles/Engineering_UserDefine_Version2.elf.dir/Drivers/STM32F4xx_HAL_Driver/Src/stm32f4xx_hal_rcc.c.obj
                0x08001eac                HAL_RCC_ClockConfig
 .text.HAL_RCC_GetHCLKFreq
                0x0800200c        0xc CMakeFiles/Engineering_UserDefine_Version2.elf.dir/Drivers/STM32F4xx_HAL_Driver/Src/stm32f4xx_hal_rcc.c.obj
                0x0800200c                HAL_RCC_GetHCLKFreq
 .text.HAL_RCC_GetPCLK1Freq
                0x08002018       0x20 CMakeFiles/Engineering_UserDefine_Version2.elf.dir/Drivers/STM32F4xx_HAL_Driver/Src/stm32f4xx_hal_rcc.c.obj
                0x08002018                HAL_RCC_GetPCLK1Freq
 .text.HAL_RCC_GetPCLK2Freq
                0x08002038       0x20 CMakeFiles/Engineering_UserDefine_Version2.elf.dir/Drivers/STM32F4xx_HAL_Driver/Src/stm32f4xx_hal_rcc.c.obj
                0x08002038                HAL_RCC_GetPCLK2Freq
 .text.HAL_RCC_GetClockConfig
                0x08002058       0x3c CMakeFiles/Engineering_UserDefine_Version2.elf.dir/Drivers/STM32F4xx_HAL_Driver/Src/stm32f4xx_hal_rcc.c.obj
                0x08002058                HAL_RCC_GetClockConfig
 .text.HAL_TIM_Base_MspInit
                0x08002094        0x2 CMakeFiles/Engineering_UserDefine_Version2.elf.dir/Drivers/STM32F4xx_HAL_Driver/Src/stm32f4xx_hal_tim.c.obj
                0x08002094                HAL_TIM_Base_MspInit
 *fill*         0x08002096        0x2 
 .text.HAL_TIM_Base_Start_IT
                0x08002098       0x88 CMakeFiles/Engineering_UserDefine_Version2.elf.dir/Drivers/STM32F4xx_HAL_Driver/Src/stm32f4xx_hal_tim.c.obj
                0x08002098                HAL_TIM_Base_Start_IT
 .text.HAL_TIM_OC_DelayElapsedCallback
                0x08002120        0x2 CMakeFiles/Engineering_UserDefine_Version2.elf.dir/Drivers/STM32F4xx_HAL_Driver/Src/stm32f4xx_hal_tim.c.obj
                0x08002120                HAL_TIM_OC_DelayElapsedCallback
 .text.HAL_TIM_IC_CaptureCallback
                0x08002122        0x2 CMakeFiles/Engineering_UserDefine_Version2.elf.dir/Drivers/STM32F4xx_HAL_Driver/Src/stm32f4xx_hal_tim.c.obj
                0x08002122                HAL_TIM_IC_CaptureCallback
 .text.HAL_TIM_PWM_PulseFinishedCallback
                0x08002124        0x2 CMakeFiles/Engineering_UserDefine_Version2.elf.dir/Drivers/STM32F4xx_HAL_Driver/Src/stm32f4xx_hal_tim.c.obj
                0x08002124                HAL_TIM_PWM_PulseFinishedCallback
 .text.HAL_TIM_TriggerCallback
                0x08002126        0x2 CMakeFiles/Engineering_UserDefine_Version2.elf.dir/Drivers/STM32F4xx_HAL_Driver/Src/stm32f4xx_hal_tim.c.obj
                0x08002126                HAL_TIM_TriggerCallback
 .text.HAL_TIM_IRQHandler
                0x08002128      0x15e CMakeFiles/Engineering_UserDefine_Version2.elf.dir/Drivers/STM32F4xx_HAL_Driver/Src/stm32f4xx_hal_tim.c.obj
                0x08002128                HAL_TIM_IRQHandler
 *fill*         0x08002286        0x2 
 .text.TIM_Base_SetConfig
                0x08002288       0xd8 CMakeFiles/Engineering_UserDefine_Version2.elf.dir/Drivers/STM32F4xx_HAL_Driver/Src/stm32f4xx_hal_tim.c.obj
                0x08002288                TIM_Base_SetConfig
 .text.HAL_TIM_Base_Init
                0x08002360       0x58 CMakeFiles/Engineering_UserDefine_Version2.elf.dir/Drivers/STM32F4xx_HAL_Driver/Src/stm32f4xx_hal_tim.c.obj
                0x08002360                HAL_TIM_Base_Init
 .text.HAL_TIMEx_CommutCallback
                0x080023b8        0x2 CMakeFiles/Engineering_UserDefine_Version2.elf.dir/Drivers/STM32F4xx_HAL_Driver/Src/stm32f4xx_hal_tim_ex.c.obj
                0x080023b8                HAL_TIMEx_CommutCallback
 .text.HAL_TIMEx_BreakCallback
                0x080023ba        0x2 CMakeFiles/Engineering_UserDefine_Version2.elf.dir/Drivers/STM32F4xx_HAL_Driver/Src/stm32f4xx_hal_tim_ex.c.obj
                0x080023ba                HAL_TIMEx_BreakCallback
 .text.UART_EndTxTransfer
                0x080023bc       0x20 CMakeFiles/Engineering_UserDefine_Version2.elf.dir/Drivers/STM32F4xx_HAL_Driver/Src/stm32f4xx_hal_uart.c.obj
 .text.UART_EndRxTransfer
                0x080023dc       0x5c CMakeFiles/Engineering_UserDefine_Version2.elf.dir/Drivers/STM32F4xx_HAL_Driver/Src/stm32f4xx_hal_uart.c.obj
 .text.UART_Transmit_IT
                0x08002438       0x60 CMakeFiles/Engineering_UserDefine_Version2.elf.dir/Drivers/STM32F4xx_HAL_Driver/Src/stm32f4xx_hal_uart.c.obj
 .text.UART_SetConfig
                0x08002498      0x110 CMakeFiles/Engineering_UserDefine_Version2.elf.dir/Drivers/STM32F4xx_HAL_Driver/Src/stm32f4xx_hal_uart.c.obj
 .text.HAL_UART_Init
                0x080025a8       0x60 CMakeFiles/Engineering_UserDefine_Version2.elf.dir/Drivers/STM32F4xx_HAL_Driver/Src/stm32f4xx_hal_uart.c.obj
                0x080025a8                HAL_UART_Init
 .text.HAL_UART_Transmit_DMA
                0x08002608       0x84 CMakeFiles/Engineering_UserDefine_Version2.elf.dir/Drivers/STM32F4xx_HAL_Driver/Src/stm32f4xx_hal_uart.c.obj
                0x08002608                HAL_UART_Transmit_DMA
 .text.UART_DMATransmitCplt
                0x0800268c       0x4c CMakeFiles/Engineering_UserDefine_Version2.elf.dir/Drivers/STM32F4xx_HAL_Driver/Src/stm32f4xx_hal_uart.c.obj
 .text.UART_EndTransmit_IT
                0x080026d8       0x1a CMakeFiles/Engineering_UserDefine_Version2.elf.dir/Drivers/STM32F4xx_HAL_Driver/Src/stm32f4xx_hal_uart.c.obj
 .text.HAL_UART_TxHalfCpltCallback
                0x080026f2        0x2 CMakeFiles/Engineering_UserDefine_Version2.elf.dir/Drivers/STM32F4xx_HAL_Driver/Src/stm32f4xx_hal_uart.c.obj
                0x080026f2                HAL_UART_TxHalfCpltCallback
 .text.UART_DMATxHalfCplt
                0x080026f4        0xa CMakeFiles/Engineering_UserDefine_Version2.elf.dir/Drivers/STM32F4xx_HAL_Driver/Src/stm32f4xx_hal_uart.c.obj
 .text.HAL_UART_RxCpltCallback
                0x080026fe        0x2 CMakeFiles/Engineering_UserDefine_Version2.elf.dir/Drivers/STM32F4xx_HAL_Driver/Src/stm32f4xx_hal_uart.c.obj
                0x080026fe                HAL_UART_RxCpltCallback
 .text.HAL_UART_ErrorCallback
                0x08002700        0x2 CMakeFiles/Engineering_UserDefine_Version2.elf.dir/Drivers/STM32F4xx_HAL_Driver/Src/stm32f4xx_hal_uart.c.obj
                0x08002700                HAL_UART_ErrorCallback
 .text.UART_DMAError
                0x08002702       0x58 CMakeFiles/Engineering_UserDefine_Version2.elf.dir/Drivers/STM32F4xx_HAL_Driver/Src/stm32f4xx_hal_uart.c.obj
 .text.UART_DMAAbortOnError
                0x0800275a       0x10 CMakeFiles/Engineering_UserDefine_Version2.elf.dir/Drivers/STM32F4xx_HAL_Driver/Src/stm32f4xx_hal_uart.c.obj
 .text.HAL_UARTEx_RxEventCallback
                0x0800276a        0x2 CMakeFiles/Engineering_UserDefine_Version2.elf.dir/Drivers/STM32F4xx_HAL_Driver/Src/stm32f4xx_hal_uart.c.obj
                0x0800276a                HAL_UARTEx_RxEventCallback
 .text.UART_Receive_IT
                0x0800276c       0xe6 CMakeFiles/Engineering_UserDefine_Version2.elf.dir/Drivers/STM32F4xx_HAL_Driver/Src/stm32f4xx_hal_uart.c.obj
 *fill*         0x08002852        0x2 
 .text.HAL_UART_IRQHandler
                0x08002854      0x284 CMakeFiles/Engineering_UserDefine_Version2.elf.dir/Drivers/STM32F4xx_HAL_Driver/Src/stm32f4xx_hal_uart.c.obj
                0x08002854                HAL_UART_IRQHandler
 .text.makeFreeRtosPriority
                0x08002ad8        0xc CMakeFiles/Engineering_UserDefine_Version2.elf.dir/Middlewares/Third_Party/FreeRTOS/Source/CMSIS_RTOS/cmsis_os.c.obj
 .text.osKernelStart
                0x08002ae4        0xa CMakeFiles/Engineering_UserDefine_Version2.elf.dir/Middlewares/Third_Party/FreeRTOS/Source/CMSIS_RTOS/cmsis_os.c.obj
                0x08002ae4                osKernelStart
 .text.osThreadCreate
                0x08002aee       0x66 CMakeFiles/Engineering_UserDefine_Version2.elf.dir/Middlewares/Third_Party/FreeRTOS/Source/CMSIS_RTOS/cmsis_os.c.obj
                0x08002aee                osThreadCreate
 .text.vListInitialise
                0x08002b54       0x16 CMakeFiles/Engineering_UserDefine_Version2.elf.dir/Middlewares/Third_Party/FreeRTOS/Source/list.c.obj
                0x08002b54                vListInitialise
 .text.vListInitialiseItem
                0x08002b6a        0x6 CMakeFiles/Engineering_UserDefine_Version2.elf.dir/Middlewares/Third_Party/FreeRTOS/Source/list.c.obj
                0x08002b6a                vListInitialiseItem
 .text.vListInsertEnd
                0x08002b70       0x16 CMakeFiles/Engineering_UserDefine_Version2.elf.dir/Middlewares/Third_Party/FreeRTOS/Source/list.c.obj
                0x08002b70                vListInsertEnd
 .text.vListInsert
                0x08002b86       0x32 CMakeFiles/Engineering_UserDefine_Version2.elf.dir/Middlewares/Third_Party/FreeRTOS/Source/list.c.obj
                0x08002b86                vListInsert
 .text.uxListRemove
                0x08002bb8       0x26 CMakeFiles/Engineering_UserDefine_Version2.elf.dir/Middlewares/Third_Party/FreeRTOS/Source/list.c.obj
                0x08002bb8                uxListRemove
 *fill*         0x08002bde        0x2 
 .text.prvTaskExitError
                0x08002be0       0x40 CMakeFiles/Engineering_UserDefine_Version2.elf.dir/Middlewares/Third_Party/FreeRTOS/Source/portable/GCC/ARM_CM4F/port.c.obj
 .text.prvPortStartFirstTask
                0x08002c20       0x28 CMakeFiles/Engineering_UserDefine_Version2.elf.dir/Middlewares/Third_Party/FreeRTOS/Source/portable/GCC/ARM_CM4F/port.c.obj
 .text.vPortEnableVFP
                0x08002c48       0x14 CMakeFiles/Engineering_UserDefine_Version2.elf.dir/Middlewares/Third_Party/FreeRTOS/Source/portable/GCC/ARM_CM4F/port.c.obj
 .text.pxPortInitialiseStack
                0x08002c5c       0x2c CMakeFiles/Engineering_UserDefine_Version2.elf.dir/Middlewares/Third_Party/FreeRTOS/Source/portable/GCC/ARM_CM4F/port.c.obj
                0x08002c5c                pxPortInitialiseStack
 *fill*         0x08002c88        0x8 
 .text.SVC_Handler
                0x08002c90       0x24 CMakeFiles/Engineering_UserDefine_Version2.elf.dir/Middlewares/Third_Party/FreeRTOS/Source/portable/GCC/ARM_CM4F/port.c.obj
                0x08002c90                SVC_Handler
 .text.vPortEnterCritical
                0x08002cb4       0x44 CMakeFiles/Engineering_UserDefine_Version2.elf.dir/Middlewares/Third_Party/FreeRTOS/Source/portable/GCC/ARM_CM4F/port.c.obj
                0x08002cb4                vPortEnterCritical
 .text.vPortExitCritical
                0x08002cf8       0x2c CMakeFiles/Engineering_UserDefine_Version2.elf.dir/Middlewares/Third_Party/FreeRTOS/Source/portable/GCC/ARM_CM4F/port.c.obj
                0x08002cf8                vPortExitCritical
 *fill*         0x08002d24        0xc 
 .text.PendSV_Handler
                0x08002d30       0x64 CMakeFiles/Engineering_UserDefine_Version2.elf.dir/Middlewares/Third_Party/FreeRTOS/Source/portable/GCC/ARM_CM4F/port.c.obj
                0x08002d30                PendSV_Handler
 .text.SysTick_Handler
                0x08002d94       0x2c CMakeFiles/Engineering_UserDefine_Version2.elf.dir/Middlewares/Third_Party/FreeRTOS/Source/portable/GCC/ARM_CM4F/port.c.obj
                0x08002d94                SysTick_Handler
 .text.vPortSetupTimerInterrupt
                0x08002dc0       0x28 CMakeFiles/Engineering_UserDefine_Version2.elf.dir/Middlewares/Third_Party/FreeRTOS/Source/portable/GCC/ARM_CM4F/port.c.obj
                0x08002dc0                vPortSetupTimerInterrupt
 .text.xPortStartScheduler
                0x08002de8      0x118 CMakeFiles/Engineering_UserDefine_Version2.elf.dir/Middlewares/Third_Party/FreeRTOS/Source/portable/GCC/ARM_CM4F/port.c.obj
                0x08002de8                xPortStartScheduler
 .text.prvHeapInit
                0x08002f00       0x64 CMakeFiles/Engineering_UserDefine_Version2.elf.dir/Middlewares/Third_Party/FreeRTOS/Source/portable/MemMang/heap_4.c.obj
 .text.prvInsertBlockIntoFreeList
                0x08002f64       0x64 CMakeFiles/Engineering_UserDefine_Version2.elf.dir/Middlewares/Third_Party/FreeRTOS/Source/portable/MemMang/heap_4.c.obj
 .text.pvPortMalloc
                0x08002fc8      0x104 CMakeFiles/Engineering_UserDefine_Version2.elf.dir/Middlewares/Third_Party/FreeRTOS/Source/portable/MemMang/heap_4.c.obj
                0x08002fc8                pvPortMalloc
 .text.vPortFree
                0x080030cc       0x7c CMakeFiles/Engineering_UserDefine_Version2.elf.dir/Middlewares/Third_Party/FreeRTOS/Source/portable/MemMang/heap_4.c.obj
                0x080030cc                vPortFree
 .text.prvIsQueueFull
                0x08003148       0x1e CMakeFiles/Engineering_UserDefine_Version2.elf.dir/Middlewares/Third_Party/FreeRTOS/Source/queue.c.obj
 .text.prvIsQueueEmpty
                0x08003166       0x1a CMakeFiles/Engineering_UserDefine_Version2.elf.dir/Middlewares/Third_Party/FreeRTOS/Source/queue.c.obj
 .text.prvCopyDataToQueue
                0x08003180       0x76 CMakeFiles/Engineering_UserDefine_Version2.elf.dir/Middlewares/Third_Party/FreeRTOS/Source/queue.c.obj
 .text.prvCopyDataFromQueue
                0x080031f6       0x24 CMakeFiles/Engineering_UserDefine_Version2.elf.dir/Middlewares/Third_Party/FreeRTOS/Source/queue.c.obj
 .text.prvUnlockQueue
                0x0800321a       0x6e CMakeFiles/Engineering_UserDefine_Version2.elf.dir/Middlewares/Third_Party/FreeRTOS/Source/queue.c.obj
 .text.xQueueGenericReset
                0x08003288       0x84 CMakeFiles/Engineering_UserDefine_Version2.elf.dir/Middlewares/Third_Party/FreeRTOS/Source/queue.c.obj
                0x08003288                xQueueGenericReset
 .text.prvInitialiseNewQueue
                0x0800330c       0x1c CMakeFiles/Engineering_UserDefine_Version2.elf.dir/Middlewares/Third_Party/FreeRTOS/Source/queue.c.obj
 .text.xQueueGenericCreate
                0x08003328       0x48 CMakeFiles/Engineering_UserDefine_Version2.elf.dir/Middlewares/Third_Party/FreeRTOS/Source/queue.c.obj
                0x08003328                xQueueGenericCreate
 .text.xQueueGenericSend
                0x08003370      0x188 CMakeFiles/Engineering_UserDefine_Version2.elf.dir/Middlewares/Third_Party/FreeRTOS/Source/queue.c.obj
                0x08003370                xQueueGenericSend
 .text.xQueueReceive
                0x080034f8      0x15e CMakeFiles/Engineering_UserDefine_Version2.elf.dir/Middlewares/Third_Party/FreeRTOS/Source/queue.c.obj
                0x080034f8                xQueueReceive
 *fill*         0x08003656        0x2 
 .text.prvResetNextTaskUnblockTime
                0x08003658       0x2c CMakeFiles/Engineering_UserDefine_Version2.elf.dir/Middlewares/Third_Party/FreeRTOS/Source/tasks.c.obj
 .text.prvInitialiseNewTask
                0x08003684       0x9c CMakeFiles/Engineering_UserDefine_Version2.elf.dir/Middlewares/Third_Party/FreeRTOS/Source/tasks.c.obj
 .text.prvInitialiseTaskLists
                0x08003720       0x68 CMakeFiles/Engineering_UserDefine_Version2.elf.dir/Middlewares/Third_Party/FreeRTOS/Source/tasks.c.obj
 .text.prvAddNewTaskToReadyList
                0x08003788       0xa8 CMakeFiles/Engineering_UserDefine_Version2.elf.dir/Middlewares/Third_Party/FreeRTOS/Source/tasks.c.obj
 .text.prvDeleteTCB
                0x08003830       0x38 CMakeFiles/Engineering_UserDefine_Version2.elf.dir/Middlewares/Third_Party/FreeRTOS/Source/tasks.c.obj
 .text.prvCheckTasksWaitingTermination
                0x08003868       0x4c CMakeFiles/Engineering_UserDefine_Version2.elf.dir/Middlewares/Third_Party/FreeRTOS/Source/tasks.c.obj
 .text.prvIdleTask
                0x080038b4       0x28 CMakeFiles/Engineering_UserDefine_Version2.elf.dir/Middlewares/Third_Party/FreeRTOS/Source/tasks.c.obj
 .text.prvAddCurrentTaskToDelayedList
                0x080038dc       0x98 CMakeFiles/Engineering_UserDefine_Version2.elf.dir/Middlewares/Third_Party/FreeRTOS/Source/tasks.c.obj
 .text.xTaskCreateStatic
                0x08003974       0x76 CMakeFiles/Engineering_UserDefine_Version2.elf.dir/Middlewares/Third_Party/FreeRTOS/Source/tasks.c.obj
                0x08003974                xTaskCreateStatic
 .text.xTaskCreate
                0x080039ea       0x64 CMakeFiles/Engineering_UserDefine_Version2.elf.dir/Middlewares/Third_Party/FreeRTOS/Source/tasks.c.obj
                0x080039ea                xTaskCreate
 *fill*         0x08003a4e        0x2 
 .text.vTaskStartScheduler
                0x08003a50       0x74 CMakeFiles/Engineering_UserDefine_Version2.elf.dir/Middlewares/Third_Party/FreeRTOS/Source/tasks.c.obj
                0x08003a50                vTaskStartScheduler
 .text.vTaskSuspendAll
                0x08003ac4       0x10 CMakeFiles/Engineering_UserDefine_Version2.elf.dir/Middlewares/Third_Party/FreeRTOS/Source/tasks.c.obj
                0x08003ac4                vTaskSuspendAll
 .text.xTaskIncrementTick
                0x08003ad4      0x118 CMakeFiles/Engineering_UserDefine_Version2.elf.dir/Middlewares/Third_Party/FreeRTOS/Source/tasks.c.obj
                0x08003ad4                xTaskIncrementTick
 .text.xTaskResumeAll
                0x08003bec       0xf8 CMakeFiles/Engineering_UserDefine_Version2.elf.dir/Middlewares/Third_Party/FreeRTOS/Source/tasks.c.obj
                0x08003bec                xTaskResumeAll
 .text.vTaskDelay
                0x08003ce4       0x4c CMakeFiles/Engineering_UserDefine_Version2.elf.dir/Middlewares/Third_Party/FreeRTOS/Source/tasks.c.obj
                0x08003ce4                vTaskDelay
 .text.vTaskSwitchContext
                0x08003d30       0x98 CMakeFiles/Engineering_UserDefine_Version2.elf.dir/Middlewares/Third_Party/FreeRTOS/Source/tasks.c.obj
                0x08003d30                vTaskSwitchContext
 .text.vTaskPlaceOnEventList
                0x08003dc8       0x30 CMakeFiles/Engineering_UserDefine_Version2.elf.dir/Middlewares/Third_Party/FreeRTOS/Source/tasks.c.obj
                0x08003dc8                vTaskPlaceOnEventList
 .text.xTaskRemoveFromEventList
                0x08003df8       0x8c CMakeFiles/Engineering_UserDefine_Version2.elf.dir/Middlewares/Third_Party/FreeRTOS/Source/tasks.c.obj
                0x08003df8                xTaskRemoveFromEventList
 .text.vTaskInternalSetTimeOutState
                0x08003e84       0x18 CMakeFiles/Engineering_UserDefine_Version2.elf.dir/Middlewares/Third_Party/FreeRTOS/Source/tasks.c.obj
                0x08003e84                vTaskInternalSetTimeOutState
 .text.xTaskCheckForTimeOut
                0x08003e9c       0x84 CMakeFiles/Engineering_UserDefine_Version2.elf.dir/Middlewares/Third_Party/FreeRTOS/Source/tasks.c.obj
                0x08003e9c                xTaskCheckForTimeOut
 .text.vTaskMissedYield
                0x08003f20        0xc CMakeFiles/Engineering_UserDefine_Version2.elf.dir/Middlewares/Third_Party/FreeRTOS/Source/tasks.c.obj
                0x08003f20                vTaskMissedYield
 .text.xTaskGetSchedulerState
                0x08003f2c       0x20 CMakeFiles/Engineering_UserDefine_Version2.elf.dir/Middlewares/Third_Party/FreeRTOS/Source/tasks.c.obj
                0x08003f2c                xTaskGetSchedulerState
 .text.xTaskPriorityDisinherit
                0x08003f4c       0xb0 CMakeFiles/Engineering_UserDefine_Version2.elf.dir/Middlewares/Third_Party/FreeRTOS/Source/tasks.c.obj
                0x08003f4c                xTaskPriorityDisinherit
 .text.EncoderEntry
                0x08003ffc       0xac CMakeFiles/Engineering_UserDefine_Version2.elf.dir/USER/encode_iic.c.obj
                0x08003ffc                EncoderEntry
 .text.initAngleFilter
                0x080040a8       0x1e CMakeFiles/Engineering_UserDefine_Version2.elf.dir/USER/filter.c.obj
                0x080040a8                initAngleFilter
 *fill*         0x080040c6        0x2 
 .text.addToBuffer
                0x080040c8       0x28 CMakeFiles/Engineering_UserDefine_Version2.elf.dir/USER/filter.c.obj
                0x080040c8                addToBuffer
 .text.calculateMedianAverage
                0x080040f0       0x94 CMakeFiles/Engineering_UserDefine_Version2.elf.dir/USER/filter.c.obj
                0x080040f0                calculateMedianAverage
 .text.calculateAdaptiveAlpha
                0x08004184       0x38 CMakeFiles/Engineering_UserDefine_Version2.elf.dir/USER/filter.c.obj
                0x08004184                calculateAdaptiveAlpha
 .text.adaptiveLowPassFilter
                0x080041bc       0xac CMakeFiles/Engineering_UserDefine_Version2.elf.dir/USER/filter.c.obj
                0x080041bc                adaptiveLowPassFilter
 .text.processAngle
                0x08004268       0x1e CMakeFiles/Engineering_UserDefine_Version2.elf.dir/USER/filter.c.obj
                0x08004268                processAngle
 *fill*         0x08004286        0x2 
 .text.PackData
                0x08004288       0x6c CMakeFiles/Engineering_UserDefine_Version2.elf.dir/USER/usart2_send.c.obj
                0x08004288                PackData
 .text.DMA_Send_Frame
                0x080042f4       0x44 CMakeFiles/Engineering_UserDefine_Version2.elf.dir/USER/usart2_send.c.obj
                0x080042f4                DMA_Send_Frame
 .text.HAL_UART_TxCpltCallback
                0x08004338       0x1c CMakeFiles/Engineering_UserDefine_Version2.elf.dir/USER/usart2_send.c.obj
                0x08004338                HAL_UART_TxCpltCallback
 .text.USART2_SendEntry
                0x08004354       0x60 CMakeFiles/Engineering_UserDefine_Version2.elf.dir/USER/usart2_send.c.obj
                0x08004354                USART2_SendEntry
 .text.isBusy   0x080043b4       0x34 CMakeFiles/Engineering_UserDefine_Version2.elf.dir/Virtual_IIC/iic1.c.obj
 .text.start    0x080043e8       0x44 CMakeFiles/Engineering_UserDefine_Version2.elf.dir/Virtual_IIC/iic1.c.obj
 .text.sendByte
                0x0800442c       0x68 CMakeFiles/Engineering_UserDefine_Version2.elf.dir/Virtual_IIC/iic1.c.obj
 .text.waitForAck
                0x08004494       0x50 CMakeFiles/Engineering_UserDefine_Version2.elf.dir/Virtual_IIC/iic1.c.obj
 .text.ackNo    0x080044e4       0x3c CMakeFiles/Engineering_UserDefine_Version2.elf.dir/Virtual_IIC/iic1.c.obj
 .text.ackYes   0x08004520       0x40 CMakeFiles/Engineering_UserDefine_Version2.elf.dir/Virtual_IIC/iic1.c.obj
 .text.readByte
                0x08004560       0x50 CMakeFiles/Engineering_UserDefine_Version2.elf.dir/Virtual_IIC/iic1.c.obj
 .text.stop     0x080045b0       0x38 CMakeFiles/Engineering_UserDefine_Version2.elf.dir/Virtual_IIC/iic1.c.obj
 .text.IICSoft_ReadBueffer
                0x080045e8       0x7e CMakeFiles/Engineering_UserDefine_Version2.elf.dir/Virtual_IIC/iic1.c.obj
                0x080045e8                IICSoft_ReadBueffer
 .text.getRawAngle1
                0x08004666       0x2a CMakeFiles/Engineering_UserDefine_Version2.elf.dir/Virtual_IIC/iic1.c.obj
                0x08004666                getRawAngle1
 .text.convertRawAngleToDegrees1
                0x08004690       0x1c CMakeFiles/Engineering_UserDefine_Version2.elf.dir/Virtual_IIC/iic1.c.obj
                0x08004690                convertRawAngleToDegrees1
 .text.isBusy   0x080046ac       0x34 CMakeFiles/Engineering_UserDefine_Version2.elf.dir/Virtual_IIC/iic2.c.obj
 .text.start    0x080046e0       0x44 CMakeFiles/Engineering_UserDefine_Version2.elf.dir/Virtual_IIC/iic2.c.obj
 .text.sendByte
                0x08004724       0x68 CMakeFiles/Engineering_UserDefine_Version2.elf.dir/Virtual_IIC/iic2.c.obj
 .text.waitForAck
                0x0800478c       0x48 CMakeFiles/Engineering_UserDefine_Version2.elf.dir/Virtual_IIC/iic2.c.obj
 .text.ackNo    0x080047d4       0x3c CMakeFiles/Engineering_UserDefine_Version2.elf.dir/Virtual_IIC/iic2.c.obj
 .text.ackYes   0x08004810       0x40 CMakeFiles/Engineering_UserDefine_Version2.elf.dir/Virtual_IIC/iic2.c.obj
 .text.readByte
                0x08004850       0x54 CMakeFiles/Engineering_UserDefine_Version2.elf.dir/Virtual_IIC/iic2.c.obj
 .text.stop     0x080048a4       0x38 CMakeFiles/Engineering_UserDefine_Version2.elf.dir/Virtual_IIC/iic2.c.obj
 .text.IICSoft_ReadBueffer2
                0x080048dc       0x7e CMakeFiles/Engineering_UserDefine_Version2.elf.dir/Virtual_IIC/iic2.c.obj
                0x080048dc                IICSoft_ReadBueffer2
 .text.getRawAngle2
                0x0800495a       0x2a CMakeFiles/Engineering_UserDefine_Version2.elf.dir/Virtual_IIC/iic2.c.obj
                0x0800495a                getRawAngle2
 .text.isBusy   0x08004984       0x34 CMakeFiles/Engineering_UserDefine_Version2.elf.dir/Virtual_IIC/iic3.c.obj
 .text.start    0x080049b8       0x44 CMakeFiles/Engineering_UserDefine_Version2.elf.dir/Virtual_IIC/iic3.c.obj
 .text.sendByte
                0x080049fc       0x68 CMakeFiles/Engineering_UserDefine_Version2.elf.dir/Virtual_IIC/iic3.c.obj
 .text.waitForAck
                0x08004a64       0x48 CMakeFiles/Engineering_UserDefine_Version2.elf.dir/Virtual_IIC/iic3.c.obj
 .text.ackNo    0x08004aac       0x3c CMakeFiles/Engineering_UserDefine_Version2.elf.dir/Virtual_IIC/iic3.c.obj
 .text.ackYes   0x08004ae8       0x40 CMakeFiles/Engineering_UserDefine_Version2.elf.dir/Virtual_IIC/iic3.c.obj
 .text.readByte
                0x08004b28       0x54 CMakeFiles/Engineering_UserDefine_Version2.elf.dir/Virtual_IIC/iic3.c.obj
 .text.stop     0x08004b7c       0x38 CMakeFiles/Engineering_UserDefine_Version2.elf.dir/Virtual_IIC/iic3.c.obj
 .text.IICSoft_ReadBueffer3
                0x08004bb4       0x7e CMakeFiles/Engineering_UserDefine_Version2.elf.dir/Virtual_IIC/iic3.c.obj
                0x08004bb4                IICSoft_ReadBueffer3
 .text.getRawAngle3
                0x08004c32       0x2a CMakeFiles/Engineering_UserDefine_Version2.elf.dir/Virtual_IIC/iic3.c.obj
                0x08004c32                getRawAngle3
 .text.isBusy   0x08004c5c       0x38 CMakeFiles/Engineering_UserDefine_Version2.elf.dir/Virtual_IIC/iic4.c.obj
 .text.start    0x08004c94       0x48 CMakeFiles/Engineering_UserDefine_Version2.elf.dir/Virtual_IIC/iic4.c.obj
 .text.sendByte
                0x08004cdc       0x70 CMakeFiles/Engineering_UserDefine_Version2.elf.dir/Virtual_IIC/iic4.c.obj
 .text.waitForAck
                0x08004d4c       0x4c CMakeFiles/Engineering_UserDefine_Version2.elf.dir/Virtual_IIC/iic4.c.obj
 .text.ackNo    0x08004d98       0x40 CMakeFiles/Engineering_UserDefine_Version2.elf.dir/Virtual_IIC/iic4.c.obj
 .text.ackYes   0x08004dd8       0x44 CMakeFiles/Engineering_UserDefine_Version2.elf.dir/Virtual_IIC/iic4.c.obj
 .text.readByte
                0x08004e1c       0x54 CMakeFiles/Engineering_UserDefine_Version2.elf.dir/Virtual_IIC/iic4.c.obj
 .text.stop     0x08004e70       0x3c CMakeFiles/Engineering_UserDefine_Version2.elf.dir/Virtual_IIC/iic4.c.obj
 .text.IICSoft_ReadBueffer4
                0x08004eac       0x7e CMakeFiles/Engineering_UserDefine_Version2.elf.dir/Virtual_IIC/iic4.c.obj
                0x08004eac                IICSoft_ReadBueffer4
 .text.getRawAngle4
                0x08004f2a       0x2a CMakeFiles/Engineering_UserDefine_Version2.elf.dir/Virtual_IIC/iic4.c.obj
                0x08004f2a                getRawAngle4
 .text.isBusy   0x08004f54       0x38 CMakeFiles/Engineering_UserDefine_Version2.elf.dir/Virtual_IIC/iic5.c.obj
 .text.start    0x08004f8c       0x48 CMakeFiles/Engineering_UserDefine_Version2.elf.dir/Virtual_IIC/iic5.c.obj
 .text.sendByte
                0x08004fd4       0x70 CMakeFiles/Engineering_UserDefine_Version2.elf.dir/Virtual_IIC/iic5.c.obj
 .text.waitForAck
                0x08005044       0x4c CMakeFiles/Engineering_UserDefine_Version2.elf.dir/Virtual_IIC/iic5.c.obj
 .text.ackNo    0x08005090       0x40 CMakeFiles/Engineering_UserDefine_Version2.elf.dir/Virtual_IIC/iic5.c.obj
 .text.ackYes   0x080050d0       0x44 CMakeFiles/Engineering_UserDefine_Version2.elf.dir/Virtual_IIC/iic5.c.obj
 .text.readByte
                0x08005114       0x54 CMakeFiles/Engineering_UserDefine_Version2.elf.dir/Virtual_IIC/iic5.c.obj
 .text.stop     0x08005168       0x3c CMakeFiles/Engineering_UserDefine_Version2.elf.dir/Virtual_IIC/iic5.c.obj
 .text.IICSoft_ReadBueffer5
                0x080051a4       0x7e CMakeFiles/Engineering_UserDefine_Version2.elf.dir/Virtual_IIC/iic5.c.obj
                0x080051a4                IICSoft_ReadBueffer5
 .text.getRawAngle5
                0x08005222       0x2a CMakeFiles/Engineering_UserDefine_Version2.elf.dir/Virtual_IIC/iic5.c.obj
                0x08005222                getRawAngle5
 .text.isBusy   0x0800524c       0x34 CMakeFiles/Engineering_UserDefine_Version2.elf.dir/Virtual_IIC/iic6.c.obj
 .text.start    0x08005280       0x44 CMakeFiles/Engineering_UserDefine_Version2.elf.dir/Virtual_IIC/iic6.c.obj
 .text.sendByte
                0x080052c4       0x68 CMakeFiles/Engineering_UserDefine_Version2.elf.dir/Virtual_IIC/iic6.c.obj
 .text.waitForAck
                0x0800532c       0x48 CMakeFiles/Engineering_UserDefine_Version2.elf.dir/Virtual_IIC/iic6.c.obj
 .text.ackNo    0x08005374       0x3c CMakeFiles/Engineering_UserDefine_Version2.elf.dir/Virtual_IIC/iic6.c.obj
 .text.ackYes   0x080053b0       0x40 CMakeFiles/Engineering_UserDefine_Version2.elf.dir/Virtual_IIC/iic6.c.obj
 .text.readByte
                0x080053f0       0x54 CMakeFiles/Engineering_UserDefine_Version2.elf.dir/Virtual_IIC/iic6.c.obj
 .text.stop     0x08005444       0x38 CMakeFiles/Engineering_UserDefine_Version2.elf.dir/Virtual_IIC/iic6.c.obj
 .text.IICSoft_ReadBueffer6
                0x0800547c       0x7e CMakeFiles/Engineering_UserDefine_Version2.elf.dir/Virtual_IIC/iic6.c.obj
                0x0800547c                IICSoft_ReadBueffer6
 .text.getRawAngle6
                0x080054fa       0x2a CMakeFiles/Engineering_UserDefine_Version2.elf.dir/Virtual_IIC/iic6.c.obj
                0x080054fa                getRawAngle6
 .text.__udivmoddi4
                0x08005524      0x2bc I:/ARM-GN~1.3/133167~1.3RE/bin/../lib/gcc/arm-none-eabi/13.3.1/thumb/v7e-m+fp/hard\libgcc.a(_udivmoddi4.o)
                0x08005524                __udivmoddi4
 .text.stdio_exit_handler
                0x080057e0       0x18 I:/ARM-GN~1.3/133167~1.3RE/bin/../lib/gcc/arm-none-eabi/13.3.1/thumb/v7e-m+fp/hard\libg.a(libc_a-findfp.o)
 .text.cleanup_stdio
                0x080057f8       0x40 I:/ARM-GN~1.3/133167~1.3RE/bin/../lib/gcc/arm-none-eabi/13.3.1/thumb/v7e-m+fp/hard\libg.a(libc_a-findfp.o)
 .text.global_stdio_init.part.0
                0x08005838       0xf0 I:/ARM-GN~1.3/133167~1.3RE/bin/../lib/gcc/arm-none-eabi/13.3.1/thumb/v7e-m+fp/hard\libg.a(libc_a-findfp.o)
 .text.__sinit  0x08005928       0x3c I:/ARM-GN~1.3/133167~1.3RE/bin/../lib/gcc/arm-none-eabi/13.3.1/thumb/v7e-m+fp/hard\libg.a(libc_a-findfp.o)
                0x08005928                __sinit
 .text.__sfp_lock_acquire
                0x08005964        0xc I:/ARM-GN~1.3/133167~1.3RE/bin/../lib/gcc/arm-none-eabi/13.3.1/thumb/v7e-m+fp/hard\libg.a(libc_a-findfp.o)
                0x08005964                __sfp_lock_acquire
 .text.__sfp_lock_release
                0x08005970        0xc I:/ARM-GN~1.3/133167~1.3RE/bin/../lib/gcc/arm-none-eabi/13.3.1/thumb/v7e-m+fp/hard\libg.a(libc_a-findfp.o)
                0x08005970                __sfp_lock_release
 .text._fwalk_sglue
                0x0800597c       0x44 I:/ARM-GN~1.3/133167~1.3RE/bin/../lib/gcc/arm-none-eabi/13.3.1/thumb/v7e-m+fp/hard\libg.a(libc_a-fwalk.o)
                0x0800597c                _fwalk_sglue
 .text._puts_r  0x080059c0       0x9c I:/ARM-GN~1.3/133167~1.3RE/bin/../lib/gcc/arm-none-eabi/13.3.1/thumb/v7e-m+fp/hard\libg.a(libc_a-puts.o)
                0x080059c0                _puts_r
 .text.puts     0x08005a5c       0x10 I:/ARM-GN~1.3/133167~1.3RE/bin/../lib/gcc/arm-none-eabi/13.3.1/thumb/v7e-m+fp/hard\libg.a(libc_a-puts.o)
                0x08005a5c                puts
 .text.__sread  0x08005a6c       0x24 I:/ARM-GN~1.3/133167~1.3RE/bin/../lib/gcc/arm-none-eabi/13.3.1/thumb/v7e-m+fp/hard\libg.a(libc_a-stdio.o)
                0x08005a6c                __sread
 .text.__swrite
                0x08005a90       0x40 I:/ARM-GN~1.3/133167~1.3RE/bin/../lib/gcc/arm-none-eabi/13.3.1/thumb/v7e-m+fp/hard\libg.a(libc_a-stdio.o)
                0x08005a90                __swrite
 .text.__sseek  0x08005ad0       0x24 I:/ARM-GN~1.3/133167~1.3RE/bin/../lib/gcc/arm-none-eabi/13.3.1/thumb/v7e-m+fp/hard\libg.a(libc_a-stdio.o)
                0x08005ad0                __sseek
 .text.__sclose
                0x08005af4        0x8 I:/ARM-GN~1.3/133167~1.3RE/bin/../lib/gcc/arm-none-eabi/13.3.1/thumb/v7e-m+fp/hard\libg.a(libc_a-stdio.o)
                0x08005af4                __sclose
 .text.memset   0x08005afc       0xa4 I:/ARM-GN~1.3/133167~1.3RE/bin/../lib/gcc/arm-none-eabi/13.3.1/thumb/v7e-m+fp/hard\libg.a(libc_a-memset.o)
                0x08005afc                memset
 .text._close_r
                0x08005ba0       0x24 I:/ARM-GN~1.3/133167~1.3RE/bin/../lib/gcc/arm-none-eabi/13.3.1/thumb/v7e-m+fp/hard\libg.a(libc_a-closer.o)
                0x08005ba0                _close_r
 .text._lseek_r
                0x08005bc4       0x2c I:/ARM-GN~1.3/133167~1.3RE/bin/../lib/gcc/arm-none-eabi/13.3.1/thumb/v7e-m+fp/hard\libg.a(libc_a-lseekr.o)
                0x08005bc4                _lseek_r
 .text._read_r  0x08005bf0       0x2c I:/ARM-GN~1.3/133167~1.3RE/bin/../lib/gcc/arm-none-eabi/13.3.1/thumb/v7e-m+fp/hard\libg.a(libc_a-readr.o)
                0x08005bf0                _read_r
 .text._write_r
                0x08005c1c       0x2c I:/ARM-GN~1.3/133167~1.3RE/bin/../lib/gcc/arm-none-eabi/13.3.1/thumb/v7e-m+fp/hard\libg.a(libc_a-writer.o)
                0x08005c1c                _write_r
 .text.__errno  0x08005c48        0xc I:/ARM-GN~1.3/133167~1.3RE/bin/../lib/gcc/arm-none-eabi/13.3.1/thumb/v7e-m+fp/hard\libg.a(libc_a-errno.o)
                0x08005c48                __errno
 .text.__libc_init_array
                0x08005c54       0x50 I:/ARM-GN~1.3/133167~1.3RE/bin/../lib/gcc/arm-none-eabi/13.3.1/thumb/v7e-m+fp/hard\libg.a(libc_a-init.o)
                0x08005c54                __libc_init_array
 .text.__retarget_lock_init_recursive
                0x08005ca4        0x4 I:/ARM-GN~1.3/133167~1.3RE/bin/../lib/gcc/arm-none-eabi/13.3.1/thumb/v7e-m+fp/hard\libg.a(libc_a-lock.o)
                0x08005ca4                __retarget_lock_init_recursive
 .text.__retarget_lock_close_recursive
                0x08005ca8        0x4 I:/ARM-GN~1.3/133167~1.3RE/bin/../lib/gcc/arm-none-eabi/13.3.1/thumb/v7e-m+fp/hard\libg.a(libc_a-lock.o)
                0x08005ca8                __retarget_lock_close_recursive
 .text.__retarget_lock_acquire_recursive
                0x08005cac        0x4 I:/ARM-GN~1.3/133167~1.3RE/bin/../lib/gcc/arm-none-eabi/13.3.1/thumb/v7e-m+fp/hard\libg.a(libc_a-lock.o)
                0x08005cac                __retarget_lock_acquire_recursive
 .text.__retarget_lock_release_recursive
                0x08005cb0        0x4 I:/ARM-GN~1.3/133167~1.3RE/bin/../lib/gcc/arm-none-eabi/13.3.1/thumb/v7e-m+fp/hard\libg.a(libc_a-lock.o)
                0x08005cb0                __retarget_lock_release_recursive
 .text.startup.register_fini
                0x08005cb4       0x14 I:/ARM-GN~1.3/133167~1.3RE/bin/../lib/gcc/arm-none-eabi/13.3.1/thumb/v7e-m+fp/hard\libg.a(libc_a-__call_atexit.o)
 .text.atexit   0x08005cc8        0xc I:/ARM-GN~1.3/133167~1.3RE/bin/../lib/gcc/arm-none-eabi/13.3.1/thumb/v7e-m+fp/hard\libg.a(libc_a-atexit.o)
                0x08005cc8                atexit
 .text._malloc_trim_r
                0x08005cd4       0xb8 I:/ARM-GN~1.3/133167~1.3RE/bin/../lib/gcc/arm-none-eabi/13.3.1/thumb/v7e-m+fp/hard\libg.a(libc_a-freer.o)
                0x08005cd4                _malloc_trim_r
 .text._free_r  0x08005d8c      0x1f8 I:/ARM-GN~1.3/133167~1.3RE/bin/../lib/gcc/arm-none-eabi/13.3.1/thumb/v7e-m+fp/hard\libg.a(libc_a-freer.o)
                0x08005d8c                _free_r
 .text._malloc_r
                0x08005f84      0x564 I:/ARM-GN~1.3/133167~1.3RE/bin/../lib/gcc/arm-none-eabi/13.3.1/thumb/v7e-m+fp/hard\libg.a(libc_a-mallocr.o)
                0x08005f84                _malloc_r
 .text.__malloc_lock
                0x080064e8        0xc I:/ARM-GN~1.3/133167~1.3RE/bin/../lib/gcc/arm-none-eabi/13.3.1/thumb/v7e-m+fp/hard\libg.a(libc_a-mlock.o)
                0x080064e8                __malloc_lock
 .text.__malloc_unlock
                0x080064f4        0xc I:/ARM-GN~1.3/133167~1.3RE/bin/../lib/gcc/arm-none-eabi/13.3.1/thumb/v7e-m+fp/hard\libg.a(libc_a-mlock.o)
                0x080064f4                __malloc_unlock
 .text._fclose_r
                0x08006500       0xc0 I:/ARM-GN~1.3/133167~1.3RE/bin/../lib/gcc/arm-none-eabi/13.3.1/thumb/v7e-m+fp/hard\libg.a(libc_a-fclose.o)
                0x08006500                _fclose_r
 .text.__sflush_r
                0x080065c0      0x138 I:/ARM-GN~1.3/133167~1.3RE/bin/../lib/gcc/arm-none-eabi/13.3.1/thumb/v7e-m+fp/hard\libg.a(libc_a-fflush.o)
                0x080065c0                __sflush_r
 .text._fflush_r
                0x080066f8       0x54 I:/ARM-GN~1.3/133167~1.3RE/bin/../lib/gcc/arm-none-eabi/13.3.1/thumb/v7e-m+fp/hard\libg.a(libc_a-fflush.o)
                0x080066f8                _fflush_r
 .text.__sfvwrite_r
                0x0800674c      0x300 I:/ARM-GN~1.3/133167~1.3RE/bin/../lib/gcc/arm-none-eabi/13.3.1/thumb/v7e-m+fp/hard\libg.a(libc_a-fvwrite.o)
                0x0800674c                __sfvwrite_r
 .text.__swsetup_r
                0x08006a4c       0xc4 I:/ARM-GN~1.3/133167~1.3RE/bin/../lib/gcc/arm-none-eabi/13.3.1/thumb/v7e-m+fp/hard\libg.a(libc_a-wsetup.o)
                0x08006a4c                __swsetup_r
 .text.memmove  0x08006b10      0x100 I:/ARM-GN~1.3/133167~1.3RE/bin/../lib/gcc/arm-none-eabi/13.3.1/thumb/v7e-m+fp/hard\libg.a(libc_a-memmove.o)
                0x08006b10                memmove
 .text._sbrk_r  0x08006c10       0x24 I:/ARM-GN~1.3/133167~1.3RE/bin/../lib/gcc/arm-none-eabi/13.3.1/thumb/v7e-m+fp/hard\libg.a(libc_a-sbrkr.o)
                0x08006c10                _sbrk_r
 .text.__libc_fini_array
                0x08006c34       0x28 I:/ARM-GN~1.3/133167~1.3RE/bin/../lib/gcc/arm-none-eabi/13.3.1/thumb/v7e-m+fp/hard\libg.a(libc_a-fini.o)
                0x08006c34                __libc_fini_array
 .text.sysconf  0x08006c5c       0x1c I:/ARM-GN~1.3/133167~1.3RE/bin/../lib/gcc/arm-none-eabi/13.3.1/thumb/v7e-m+fp/hard\libg.a(libc_a-sysconf.o)
                0x08006c5c                sysconf
 .text.__register_exitproc
                0x08006c78       0x80 I:/ARM-GN~1.3/133167~1.3RE/bin/../lib/gcc/arm-none-eabi/13.3.1/thumb/v7e-m+fp/hard\libg.a(libc_a-__atexit.o)
                0x08006c78                __register_exitproc
 .text._realloc_r
                0x08006cf8      0x344 I:/ARM-GN~1.3/133167~1.3RE/bin/../lib/gcc/arm-none-eabi/13.3.1/thumb/v7e-m+fp/hard\libg.a(libc_a-reallocr.o)
                0x08006cf8                _realloc_r
 .text.__smakebuf_r
                0x0800703c       0xdc I:/ARM-GN~1.3/133167~1.3RE/bin/../lib/gcc/arm-none-eabi/13.3.1/thumb/v7e-m+fp/hard\libg.a(libc_a-makebuf.o)
                0x0800703c                __smakebuf_r
 .text._fstat_r
                0x08007118       0x2c I:/ARM-GN~1.3/133167~1.3RE/bin/../lib/gcc/arm-none-eabi/13.3.1/thumb/v7e-m+fp/hard\libg.a(libc_a-fstatr.o)
                0x08007118                _fstat_r
 .text._isatty_r
                0x08007144       0x24 I:/ARM-GN~1.3/133167~1.3RE/bin/../lib/gcc/arm-none-eabi/13.3.1/thumb/v7e-m+fp/hard\libg.a(libc_a-isattyr.o)
                0x08007144                _isatty_r
 *(.glue_7)
 .glue_7        0x08007168        0x0 linker stubs
 *(.glue_7t)
 .glue_7t       0x08007168        0x0 linker stubs
 *(.eh_frame)
 .eh_frame      0x08007168        0x0 I:/ARM-GN~1.3/133167~1.3RE/bin/../lib/gcc/arm-none-eabi/13.3.1/thumb/v7e-m+fp/hard/crtbegin.o
 *(.init)
 .init          0x08007168        0x4 I:/ARM-GN~1.3/133167~1.3RE/bin/../lib/gcc/arm-none-eabi/13.3.1/thumb/v7e-m+fp/hard/crti.o
                0x08007168                _init
 .init          0x0800716c        0x8 I:/ARM-GN~1.3/133167~1.3RE/bin/../lib/gcc/arm-none-eabi/13.3.1/thumb/v7e-m+fp/hard/crtn.o
 *(.fini)
 .fini          0x08007174        0x4 I:/ARM-GN~1.3/133167~1.3RE/bin/../lib/gcc/arm-none-eabi/13.3.1/thumb/v7e-m+fp/hard/crti.o
                0x08007174                _fini
 .fini          0x08007178        0x8 I:/ARM-GN~1.3/133167~1.3RE/bin/../lib/gcc/arm-none-eabi/13.3.1/thumb/v7e-m+fp/hard/crtn.o
                0x08007180                        . = ALIGN (0x4)
                0x08007180                        _etext = .

.vfp11_veneer   0x08007180        0x0
 .vfp11_veneer  0x08007180        0x0 linker stubs

.v4_bx          0x08007180        0x0
 .v4_bx         0x08007180        0x0 linker stubs

.iplt           0x08007180        0x0
 .iplt          0x08007180        0x0 I:/ARM-GN~1.3/133167~1.3RE/bin/../lib/gcc/arm-none-eabi/13.3.1/thumb/v7e-m+fp/hard/crtbegin.o

.rodata         0x08007180       0xa0
                0x08007180                        . = ALIGN (0x4)
 *(.rodata)
 .rodata        0x08007180       0x38 CMakeFiles/Engineering_UserDefine_Version2.elf.dir/Core/Src/freertos.c.obj
 *(.rodata*)
 .rodata.str1.4
                0x080071b8       0x46 CMakeFiles/Engineering_UserDefine_Version2.elf.dir/Core/Src/freertos.c.obj
                                 0x1c (size before relaxing)
 *fill*         0x080071fe        0x2 
 .rodata.APBPrescTable
                0x08007200        0x8 CMakeFiles/Engineering_UserDefine_Version2.elf.dir/Core/Src/system_stm32f4xx.c.obj
                0x08007200                APBPrescTable
 .rodata.AHBPrescTable
                0x08007208       0x10 CMakeFiles/Engineering_UserDefine_Version2.elf.dir/Core/Src/system_stm32f4xx.c.obj
                0x08007208                AHBPrescTable
 .rodata.flagBitshiftOffset.0
                0x08007218        0x8 CMakeFiles/Engineering_UserDefine_Version2.elf.dir/Drivers/STM32F4xx_HAL_Driver/Src/stm32f4xx_hal_dma.c.obj
 .rodata.vTaskStartScheduler.str1.4
                0x08007220        0x5 CMakeFiles/Engineering_UserDefine_Version2.elf.dir/Middlewares/Third_Party/FreeRTOS/Source/tasks.c.obj
 .rodata.EncoderEntry.str1.4
                0x08007220       0x20 CMakeFiles/Engineering_UserDefine_Version2.elf.dir/USER/encode_iic.c.obj
 .rodata._puts_r.str1.4
                0x08007220        0x2 I:/ARM-GN~1.3/133167~1.3RE/bin/../lib/gcc/arm-none-eabi/13.3.1/thumb/v7e-m+fp/hard\libg.a(libc_a-puts.o)
                0x08007240                        . = ALIGN (0x4)

.ARM.extab      0x08007220        0x0
                0x08007220                        . = ALIGN (0x4)
 *(.ARM.extab* .gnu.linkonce.armextab.*)
                0x08007220                        . = ALIGN (0x4)

.ARM            0x08007220        0x8
                0x08007220                        . = ALIGN (0x4)
                0x08007220                        __exidx_start = .
 *(.ARM.exidx*)
 .ARM.exidx     0x08007220        0x8 I:/ARM-GN~1.3/133167~1.3RE/bin/../lib/gcc/arm-none-eabi/13.3.1/thumb/v7e-m+fp/hard\libg.a(libc_a-memcpy.o)
 .ARM.exidx     0x08007228        0x0 I:/ARM-GN~1.3/133167~1.3RE/bin/../lib/gcc/arm-none-eabi/13.3.1/thumb/v7e-m+fp/hard\libg.a(libc_a-strlen.o)
                                  0x8 (size before relaxing)
 .ARM.exidx     0x08007228        0x0 I:/ARM-GN~1.3/133167~1.3RE/bin/../lib/gcc/arm-none-eabi/13.3.1/thumb/v7e-m+fp/hard\libg.a(libc_a-memchr.o)
                                  0x8 (size before relaxing)
 .ARM.exidx.text.__udivmoddi4
                0x08007228        0x0 I:/ARM-GN~1.3/133167~1.3RE/bin/../lib/gcc/arm-none-eabi/13.3.1/thumb/v7e-m+fp/hard\libgcc.a(_udivmoddi4.o)
                                  0x8 (size before relaxing)
                0x08007228                        __exidx_end = .
                0x08007228                        . = ALIGN (0x4)

.rel.dyn        0x08007228        0x0
 .rel.iplt      0x08007228        0x0 I:/ARM-GN~1.3/133167~1.3RE/bin/../lib/gcc/arm-none-eabi/13.3.1/thumb/v7e-m+fp/hard/crtbegin.o

.preinit_array  0x08007228        0x0
                0x08007228                        . = ALIGN (0x4)
                0x08007228                        PROVIDE (__preinit_array_start = .)
 *(.preinit_array*)
                0x08007228                        PROVIDE (__preinit_array_end = .)
                0x08007228                        . = ALIGN (0x4)

.init_array     0x08007228        0x8
                0x08007228                        . = ALIGN (0x4)
                0x08007228                        PROVIDE (__init_array_start = .)
 *(SORT_BY_NAME(.init_array.*))
 .init_array.00000
                0x08007228        0x4 I:/ARM-GN~1.3/133167~1.3RE/bin/../lib/gcc/arm-none-eabi/13.3.1/thumb/v7e-m+fp/hard\libg.a(libc_a-__call_atexit.o)
 *(.init_array*)
 .init_array    0x0800722c        0x4 I:/ARM-GN~1.3/133167~1.3RE/bin/../lib/gcc/arm-none-eabi/13.3.1/thumb/v7e-m+fp/hard/crtbegin.o
                0x08007230                        PROVIDE (__init_array_end = .)
                0x08007230                        . = ALIGN (0x4)

.fini_array     0x08007230        0x4
                0x08007230                        . = ALIGN (0x4)
                0x08007230                        PROVIDE (__fini_array_start = .)
 *(SORT_BY_NAME(.fini_array.*))
 *(.fini_array*)
 .fini_array    0x08007230        0x4 I:/ARM-GN~1.3/133167~1.3RE/bin/../lib/gcc/arm-none-eabi/13.3.1/thumb/v7e-m+fp/hard/crtbegin.o
                0x08007234                        PROVIDE (__fini_array_end = .)
                0x08007234                        . = ALIGN (0x4)
                0x08007234                        _sidata = LOADADDR (.data)

.data           0x20000000      0x578 load address 0x08007234
                0x20000000                        . = ALIGN (0x4)
                0x20000000                        _sdata = .
 *(.data)
 *(.data*)
 .data.SystemCoreClock
                0x20000000        0x4 CMakeFiles/Engineering_UserDefine_Version2.elf.dir/Core/Src/system_stm32f4xx.c.obj
                0x20000000                SystemCoreClock
 .data.uwTickFreq
                0x20000004        0x1 CMakeFiles/Engineering_UserDefine_Version2.elf.dir/Drivers/STM32F4xx_HAL_Driver/Src/stm32f4xx_hal.c.obj
                0x20000004                uwTickFreq
 *fill*         0x20000005        0x3 
 .data.uwTickPrio
                0x20000008        0x4 CMakeFiles/Engineering_UserDefine_Version2.elf.dir/Drivers/STM32F4xx_HAL_Driver/Src/stm32f4xx_hal.c.obj
                0x20000008                uwTickPrio
 .data.uxCriticalNesting
                0x2000000c        0x4 CMakeFiles/Engineering_UserDefine_Version2.elf.dir/Middlewares/Third_Party/FreeRTOS/Source/portable/GCC/ARM_CM4F/port.c.obj
 .data.__sglue  0x20000010        0xc I:/ARM-GN~1.3/133167~1.3RE/bin/../lib/gcc/arm-none-eabi/13.3.1/thumb/v7e-m+fp/hard\libg.a(libc_a-findfp.o)
                0x20000010                __sglue
 .data._impure_ptr
                0x2000001c        0x4 I:/ARM-GN~1.3/133167~1.3RE/bin/../lib/gcc/arm-none-eabi/13.3.1/thumb/v7e-m+fp/hard\libg.a(libc_a-impure.o)
                0x2000001c                _impure_ptr
 .data._impure_data
                0x20000020      0x140 I:/ARM-GN~1.3/133167~1.3RE/bin/../lib/gcc/arm-none-eabi/13.3.1/thumb/v7e-m+fp/hard\libg.a(libc_a-impure.o)
                0x20000020                _impure_data
 .data.__atexit_recursive_mutex
                0x20000160        0x4 I:/ARM-GN~1.3/133167~1.3RE/bin/../lib/gcc/arm-none-eabi/13.3.1/thumb/v7e-m+fp/hard\libg.a(libc_a-__call_atexit.o)
                0x20000160                __atexit_recursive_mutex
 .data.__malloc_sbrk_base
                0x20000164        0x4 I:/ARM-GN~1.3/133167~1.3RE/bin/../lib/gcc/arm-none-eabi/13.3.1/thumb/v7e-m+fp/hard\libg.a(libc_a-mallocr.o)
                0x20000164                __malloc_sbrk_base
 .data.__malloc_trim_threshold
                0x20000168        0x4 I:/ARM-GN~1.3/133167~1.3RE/bin/../lib/gcc/arm-none-eabi/13.3.1/thumb/v7e-m+fp/hard\libg.a(libc_a-mallocr.o)
                0x20000168                __malloc_trim_threshold
 *fill*         0x2000016c        0x4 
 .data.__malloc_av_
                0x20000170      0x408 I:/ARM-GN~1.3/133167~1.3RE/bin/../lib/gcc/arm-none-eabi/13.3.1/thumb/v7e-m+fp/hard\libg.a(libc_a-mallocr.o)
                0x20000170                __malloc_av_
 *(.RamFunc)
 *(.RamFunc*)
                0x20000578                        . = ALIGN (0x4)
                0x20000578                        _edata = .
                0x080077ac                        _siccmram = LOADADDR (.ccmram)

.tm_clone_table
                0x20000578        0x0 load address 0x080077ac
 .tm_clone_table
                0x20000578        0x0 I:/ARM-GN~1.3/133167~1.3RE/bin/../lib/gcc/arm-none-eabi/13.3.1/thumb/v7e-m+fp/hard/crtbegin.o
 .tm_clone_table
                0x20000578        0x0 I:/ARM-GN~1.3/133167~1.3RE/bin/../lib/gcc/arm-none-eabi/13.3.1/thumb/v7e-m+fp/hard/crtend.o

.igot.plt       0x20000578        0x0 load address 0x080077ac
 .igot.plt      0x20000578        0x0 I:/ARM-GN~1.3/133167~1.3RE/bin/../lib/gcc/arm-none-eabi/13.3.1/thumb/v7e-m+fp/hard/crtbegin.o

.ccmram         0x10000000        0x0 load address 0x080077ac
                0x10000000                        . = ALIGN (0x4)
                0x10000000                        _sccmram = .
 *(.ccmram)
 *(.ccmram*)
                0x10000000                        . = ALIGN (0x4)
                0x10000000                        _eccmram = .
                0x10000000                        . = ALIGN (0x4)

.bss            0x20000578     0x467c
                0x20000578                        _sbss = .
                0x20000578                        __bss_start__ = _sbss
 *(.bss)
 *(.bss*)
 .bss.completed.1
                0x20000578        0x1 I:/ARM-GN~1.3/133167~1.3RE/bin/../lib/gcc/arm-none-eabi/13.3.1/thumb/v7e-m+fp/hard/crtbegin.o
 *fill*         0x20000579        0x3 
 .bss.object.0  0x2000057c       0x18 I:/ARM-GN~1.3/133167~1.3RE/bin/../lib/gcc/arm-none-eabi/13.3.1/thumb/v7e-m+fp/hard/crtbegin.o
 .bss.xIdleStack
                0x20000594      0x200 CMakeFiles/Engineering_UserDefine_Version2.elf.dir/Core/Src/freertos.c.obj
 .bss.xIdleTaskTCBBuffer
                0x20000794       0x54 CMakeFiles/Engineering_UserDefine_Version2.elf.dir/Core/Src/freertos.c.obj
 .bss.EncoderTaskHandle
                0x200007e8        0x4 CMakeFiles/Engineering_UserDefine_Version2.elf.dir/Core/Src/freertos.c.obj
                0x200007e8                EncoderTaskHandle
 .bss.USART2_SendTaskHandle
                0x200007ec        0x4 CMakeFiles/Engineering_UserDefine_Version2.elf.dir/Core/Src/freertos.c.obj
                0x200007ec                USART2_SendTaskHandle
 .bss.htim4     0x200007f0       0x48 CMakeFiles/Engineering_UserDefine_Version2.elf.dir/Core/Src/stm32f4xx_hal_timebase_tim.c.obj
                0x200007f0                htim4
 .bss.__sbrk_heap_end
                0x20000838        0x4 CMakeFiles/Engineering_UserDefine_Version2.elf.dir/Core/Src/sysmem.c.obj
 .bss.hdma_usart2_tx
                0x2000083c       0x60 CMakeFiles/Engineering_UserDefine_Version2.elf.dir/Core/Src/usart.c.obj
                0x2000083c                hdma_usart2_tx
 .bss.huart2    0x2000089c       0x48 CMakeFiles/Engineering_UserDefine_Version2.elf.dir/Core/Src/usart.c.obj
                0x2000089c                huart2
 .bss.uwTick    0x200008e4        0x4 CMakeFiles/Engineering_UserDefine_Version2.elf.dir/Drivers/STM32F4xx_HAL_Driver/Src/stm32f4xx_hal.c.obj
                0x200008e4                uwTick
 .bss.ulMaxPRIGROUPValue
                0x200008e8        0x4 CMakeFiles/Engineering_UserDefine_Version2.elf.dir/Middlewares/Third_Party/FreeRTOS/Source/portable/GCC/ARM_CM4F/port.c.obj
 .bss.ucMaxSysCallPriority
                0x200008ec        0x1 CMakeFiles/Engineering_UserDefine_Version2.elf.dir/Middlewares/Third_Party/FreeRTOS/Source/portable/GCC/ARM_CM4F/port.c.obj
 *fill*         0x200008ed        0x3 
 .bss.xBlockAllocatedBit
                0x200008f0        0x4 CMakeFiles/Engineering_UserDefine_Version2.elf.dir/Middlewares/Third_Party/FreeRTOS/Source/portable/MemMang/heap_4.c.obj
 .bss.xNumberOfSuccessfulFrees
                0x200008f4        0x4 CMakeFiles/Engineering_UserDefine_Version2.elf.dir/Middlewares/Third_Party/FreeRTOS/Source/portable/MemMang/heap_4.c.obj
 .bss.xNumberOfSuccessfulAllocations
                0x200008f8        0x4 CMakeFiles/Engineering_UserDefine_Version2.elf.dir/Middlewares/Third_Party/FreeRTOS/Source/portable/MemMang/heap_4.c.obj
 .bss.xMinimumEverFreeBytesRemaining
                0x200008fc        0x4 CMakeFiles/Engineering_UserDefine_Version2.elf.dir/Middlewares/Third_Party/FreeRTOS/Source/portable/MemMang/heap_4.c.obj
 .bss.xFreeBytesRemaining
                0x20000900        0x4 CMakeFiles/Engineering_UserDefine_Version2.elf.dir/Middlewares/Third_Party/FreeRTOS/Source/portable/MemMang/heap_4.c.obj
 .bss.pxEnd     0x20000904        0x4 CMakeFiles/Engineering_UserDefine_Version2.elf.dir/Middlewares/Third_Party/FreeRTOS/Source/portable/MemMang/heap_4.c.obj
 .bss.xStart    0x20000908        0x8 CMakeFiles/Engineering_UserDefine_Version2.elf.dir/Middlewares/Third_Party/FreeRTOS/Source/portable/MemMang/heap_4.c.obj
 .bss.ucHeap    0x20000910     0x3c00 CMakeFiles/Engineering_UserDefine_Version2.elf.dir/Middlewares/Third_Party/FreeRTOS/Source/portable/MemMang/heap_4.c.obj
 .bss.uxSchedulerSuspended
                0x20004510        0x4 CMakeFiles/Engineering_UserDefine_Version2.elf.dir/Middlewares/Third_Party/FreeRTOS/Source/tasks.c.obj
 .bss.xIdleTaskHandle
                0x20004514        0x4 CMakeFiles/Engineering_UserDefine_Version2.elf.dir/Middlewares/Third_Party/FreeRTOS/Source/tasks.c.obj
 .bss.xNextTaskUnblockTime
                0x20004518        0x4 CMakeFiles/Engineering_UserDefine_Version2.elf.dir/Middlewares/Third_Party/FreeRTOS/Source/tasks.c.obj
 .bss.uxTaskNumber
                0x2000451c        0x4 CMakeFiles/Engineering_UserDefine_Version2.elf.dir/Middlewares/Third_Party/FreeRTOS/Source/tasks.c.obj
 .bss.xNumOfOverflows
                0x20004520        0x4 CMakeFiles/Engineering_UserDefine_Version2.elf.dir/Middlewares/Third_Party/FreeRTOS/Source/tasks.c.obj
 .bss.xYieldPending
                0x20004524        0x4 CMakeFiles/Engineering_UserDefine_Version2.elf.dir/Middlewares/Third_Party/FreeRTOS/Source/tasks.c.obj
 .bss.xPendedTicks
                0x20004528        0x4 CMakeFiles/Engineering_UserDefine_Version2.elf.dir/Middlewares/Third_Party/FreeRTOS/Source/tasks.c.obj
 .bss.xSchedulerRunning
                0x2000452c        0x4 CMakeFiles/Engineering_UserDefine_Version2.elf.dir/Middlewares/Third_Party/FreeRTOS/Source/tasks.c.obj
 .bss.uxTopReadyPriority
                0x20004530        0x4 CMakeFiles/Engineering_UserDefine_Version2.elf.dir/Middlewares/Third_Party/FreeRTOS/Source/tasks.c.obj
 .bss.xTickCount
                0x20004534        0x4 CMakeFiles/Engineering_UserDefine_Version2.elf.dir/Middlewares/Third_Party/FreeRTOS/Source/tasks.c.obj
 .bss.uxCurrentNumberOfTasks
                0x20004538        0x4 CMakeFiles/Engineering_UserDefine_Version2.elf.dir/Middlewares/Third_Party/FreeRTOS/Source/tasks.c.obj
 .bss.xSuspendedTaskList
                0x2000453c       0x14 CMakeFiles/Engineering_UserDefine_Version2.elf.dir/Middlewares/Third_Party/FreeRTOS/Source/tasks.c.obj
 .bss.uxDeletedTasksWaitingCleanUp
                0x20004550        0x4 CMakeFiles/Engineering_UserDefine_Version2.elf.dir/Middlewares/Third_Party/FreeRTOS/Source/tasks.c.obj
 .bss.xTasksWaitingTermination
                0x20004554       0x14 CMakeFiles/Engineering_UserDefine_Version2.elf.dir/Middlewares/Third_Party/FreeRTOS/Source/tasks.c.obj
 .bss.xPendingReadyList
                0x20004568       0x14 CMakeFiles/Engineering_UserDefine_Version2.elf.dir/Middlewares/Third_Party/FreeRTOS/Source/tasks.c.obj
 .bss.pxOverflowDelayedTaskList
                0x2000457c        0x4 CMakeFiles/Engineering_UserDefine_Version2.elf.dir/Middlewares/Third_Party/FreeRTOS/Source/tasks.c.obj
 .bss.pxDelayedTaskList
                0x20004580        0x4 CMakeFiles/Engineering_UserDefine_Version2.elf.dir/Middlewares/Third_Party/FreeRTOS/Source/tasks.c.obj
 .bss.xDelayedTaskList2
                0x20004584       0x14 CMakeFiles/Engineering_UserDefine_Version2.elf.dir/Middlewares/Third_Party/FreeRTOS/Source/tasks.c.obj
 .bss.xDelayedTaskList1
                0x20004598       0x14 CMakeFiles/Engineering_UserDefine_Version2.elf.dir/Middlewares/Third_Party/FreeRTOS/Source/tasks.c.obj
 .bss.pxReadyTasksLists
                0x200045ac       0x8c CMakeFiles/Engineering_UserDefine_Version2.elf.dir/Middlewares/Third_Party/FreeRTOS/Source/tasks.c.obj
 .bss.pxCurrentTCB
                0x20004638        0x4 CMakeFiles/Engineering_UserDefine_Version2.elf.dir/Middlewares/Third_Party/FreeRTOS/Source/tasks.c.obj
                0x20004638                pxCurrentTCB
 .bss.filters   0x2000463c      0x210 CMakeFiles/Engineering_UserDefine_Version2.elf.dir/USER/encode_iic.c.obj
                0x2000463c                filters
 .bss.raw_angle
                0x2000484c        0xc CMakeFiles/Engineering_UserDefine_Version2.elf.dir/USER/encode_iic.c.obj
 .bss.angles_encoder
                0x20004858       0x18 CMakeFiles/Engineering_UserDefine_Version2.elf.dir/USER/encode_iic.c.obj
 .bss.xQueue    0x20004870        0x4 CMakeFiles/Engineering_UserDefine_Version2.elf.dir/USER/encode_iic.c.obj
                0x20004870                xQueue
 .bss.angles    0x20004874       0x18 CMakeFiles/Engineering_UserDefine_Version2.elf.dir/USER/usart2_send.c.obj
 .bss.encoder_values
                0x2000488c       0x18 CMakeFiles/Engineering_UserDefine_Version2.elf.dir/USER/usart2_send.c.obj
 .bss.dma_busy  0x200048a4        0x1 CMakeFiles/Engineering_UserDefine_Version2.elf.dir/USER/usart2_send.c.obj
                0x200048a4                dma_busy
 .bss.current_buffer
                0x200048a5        0x1 CMakeFiles/Engineering_UserDefine_Version2.elf.dir/USER/usart2_send.c.obj
                0x200048a5                current_buffer
 .bss.frame_seq
                0x200048a6        0x1 CMakeFiles/Engineering_UserDefine_Version2.elf.dir/USER/usart2_send.c.obj
 *fill*         0x200048a7        0x1 
 .bss.dma_tx_buffer
                0x200048a8       0x38 CMakeFiles/Engineering_UserDefine_Version2.elf.dir/USER/usart2_send.c.obj
                0x200048a8                dma_tx_buffer
 .bss.__sf      0x200048e0      0x138 I:/ARM-GN~1.3/133167~1.3RE/bin/../lib/gcc/arm-none-eabi/13.3.1/thumb/v7e-m+fp/hard\libg.a(libc_a-findfp.o)
                0x200048e0                __sf
 .bss.__stdio_exit_handler
                0x20004a18        0x4 I:/ARM-GN~1.3/133167~1.3RE/bin/../lib/gcc/arm-none-eabi/13.3.1/thumb/v7e-m+fp/hard\libg.a(libc_a-findfp.o)
                0x20004a18                __stdio_exit_handler
 .bss.errno     0x20004a1c        0x4 I:/ARM-GN~1.3/133167~1.3RE/bin/../lib/gcc/arm-none-eabi/13.3.1/thumb/v7e-m+fp/hard\libg.a(libc_a-reent.o)
                0x20004a1c                errno
 .bss.__lock___malloc_recursive_mutex
                0x20004a20        0x1 I:/ARM-GN~1.3/133167~1.3RE/bin/../lib/gcc/arm-none-eabi/13.3.1/thumb/v7e-m+fp/hard\libg.a(libc_a-lock.o)
                0x20004a20                __lock___malloc_recursive_mutex
 *fill*         0x20004a21        0x3 
 .bss.__lock___atexit_recursive_mutex
                0x20004a24        0x1 I:/ARM-GN~1.3/133167~1.3RE/bin/../lib/gcc/arm-none-eabi/13.3.1/thumb/v7e-m+fp/hard\libg.a(libc_a-lock.o)
                0x20004a24                __lock___atexit_recursive_mutex
 *fill*         0x20004a25        0x3 
 .bss.__lock___sfp_recursive_mutex
                0x20004a28        0x1 I:/ARM-GN~1.3/133167~1.3RE/bin/../lib/gcc/arm-none-eabi/13.3.1/thumb/v7e-m+fp/hard\libg.a(libc_a-lock.o)
                0x20004a28                __lock___sfp_recursive_mutex
 *fill*         0x20004a29        0x3 
 .bss.__atexit  0x20004a2c        0x4 I:/ARM-GN~1.3/133167~1.3RE/bin/../lib/gcc/arm-none-eabi/13.3.1/thumb/v7e-m+fp/hard\libg.a(libc_a-__call_atexit.o)
                0x20004a2c                __atexit
 .bss.__malloc_current_mallinfo
                0x20004a30       0x28 I:/ARM-GN~1.3/133167~1.3RE/bin/../lib/gcc/arm-none-eabi/13.3.1/thumb/v7e-m+fp/hard\libg.a(libc_a-mallocr.o)
                0x20004a30                __malloc_current_mallinfo
 .bss.__malloc_max_total_mem
                0x20004a58        0x4 I:/ARM-GN~1.3/133167~1.3RE/bin/../lib/gcc/arm-none-eabi/13.3.1/thumb/v7e-m+fp/hard\libg.a(libc_a-mallocr.o)
                0x20004a58                __malloc_max_total_mem
 .bss.__malloc_max_sbrked_mem
                0x20004a5c        0x4 I:/ARM-GN~1.3/133167~1.3RE/bin/../lib/gcc/arm-none-eabi/13.3.1/thumb/v7e-m+fp/hard\libg.a(libc_a-mallocr.o)
                0x20004a5c                __malloc_max_sbrked_mem
 .bss.__malloc_top_pad
                0x20004a60        0x4 I:/ARM-GN~1.3/133167~1.3RE/bin/../lib/gcc/arm-none-eabi/13.3.1/thumb/v7e-m+fp/hard\libg.a(libc_a-mallocr.o)
                0x20004a60                __malloc_top_pad
 .bss.__atexit0
                0x20004a64      0x190 I:/ARM-GN~1.3/133167~1.3RE/bin/../lib/gcc/arm-none-eabi/13.3.1/thumb/v7e-m+fp/hard\libg.a(libc_a-__atexit.o)
                0x20004a64                __atexit0
 *(COMMON)
                0x20004bf4                        . = ALIGN (0x4)
                0x20004bf4                        _ebss = .
                0x20004bf4                        __bss_end__ = _ebss

._user_heap_stack
                0x20004bf4      0x604
                0x20004bf8                        . = ALIGN (0x8)
 *fill*         0x20004bf4        0x4 
                [!provide]                        PROVIDE (end = .)
                0x20004bf8                        PROVIDE (_end = .)
                0x20004df8                        . = (. + _Min_Heap_Size)
 *fill*         0x20004bf8      0x200 
                0x200051f8                        . = (. + _Min_Stack_Size)
 *fill*         0x20004df8      0x400 
                0x200051f8                        . = ALIGN (0x8)

/DISCARD/
 libc.a(*)
 libm.a(*)
 libgcc.a(*)

.ARM.attributes
                0x00000000       0x30
 *(.ARM.attributes)
 .ARM.attributes
                0x00000000       0x22 I:/ARM-GN~1.3/133167~1.3RE/bin/../lib/gcc/arm-none-eabi/13.3.1/thumb/v7e-m+fp/hard/crti.o
 .ARM.attributes
                0x00000022       0x34 I:/ARM-GN~1.3/133167~1.3RE/bin/../lib/gcc/arm-none-eabi/13.3.1/thumb/v7e-m+fp/hard/crtbegin.o
 .ARM.attributes
                0x00000056       0x34 CMakeFiles/Engineering_UserDefine_Version2.elf.dir/Core/Src/dma.c.obj
 .ARM.attributes
                0x0000008a       0x34 CMakeFiles/Engineering_UserDefine_Version2.elf.dir/Core/Src/freertos.c.obj
 .ARM.attributes
                0x000000be       0x34 CMakeFiles/Engineering_UserDefine_Version2.elf.dir/Core/Src/gpio.c.obj
 .ARM.attributes
                0x000000f2       0x34 CMakeFiles/Engineering_UserDefine_Version2.elf.dir/Core/Src/main.c.obj
 .ARM.attributes
                0x00000126       0x34 CMakeFiles/Engineering_UserDefine_Version2.elf.dir/Core/Src/stm32f4xx_hal_msp.c.obj
 .ARM.attributes
                0x0000015a       0x34 CMakeFiles/Engineering_UserDefine_Version2.elf.dir/Core/Src/stm32f4xx_hal_timebase_tim.c.obj
 .ARM.attributes
                0x0000018e       0x34 CMakeFiles/Engineering_UserDefine_Version2.elf.dir/Core/Src/stm32f4xx_it.c.obj
 .ARM.attributes
                0x000001c2       0x34 CMakeFiles/Engineering_UserDefine_Version2.elf.dir/Core/Src/syscalls.c.obj
 .ARM.attributes
                0x000001f6       0x34 CMakeFiles/Engineering_UserDefine_Version2.elf.dir/Core/Src/sysmem.c.obj
 .ARM.attributes
                0x0000022a       0x34 CMakeFiles/Engineering_UserDefine_Version2.elf.dir/Core/Src/system_stm32f4xx.c.obj
 .ARM.attributes
                0x0000025e       0x34 CMakeFiles/Engineering_UserDefine_Version2.elf.dir/Core/Src/usart.c.obj
 .ARM.attributes
                0x00000292       0x21 CMakeFiles/Engineering_UserDefine_Version2.elf.dir/Core/Startup/startup_stm32f407vetx.s.obj
 .ARM.attributes
                0x000002b3       0x34 CMakeFiles/Engineering_UserDefine_Version2.elf.dir/Drivers/STM32F4xx_HAL_Driver/Src/stm32f4xx_hal.c.obj
 .ARM.attributes
                0x000002e7       0x34 CMakeFiles/Engineering_UserDefine_Version2.elf.dir/Drivers/STM32F4xx_HAL_Driver/Src/stm32f4xx_hal_cortex.c.obj
 .ARM.attributes
                0x0000031b       0x34 CMakeFiles/Engineering_UserDefine_Version2.elf.dir/Drivers/STM32F4xx_HAL_Driver/Src/stm32f4xx_hal_dma.c.obj
 .ARM.attributes
                0x0000034f       0x34 CMakeFiles/Engineering_UserDefine_Version2.elf.dir/Drivers/STM32F4xx_HAL_Driver/Src/stm32f4xx_hal_gpio.c.obj
 .ARM.attributes
                0x00000383       0x34 CMakeFiles/Engineering_UserDefine_Version2.elf.dir/Drivers/STM32F4xx_HAL_Driver/Src/stm32f4xx_hal_rcc.c.obj
 .ARM.attributes
                0x000003b7       0x34 CMakeFiles/Engineering_UserDefine_Version2.elf.dir/Drivers/STM32F4xx_HAL_Driver/Src/stm32f4xx_hal_tim.c.obj
 .ARM.attributes
                0x000003eb       0x34 CMakeFiles/Engineering_UserDefine_Version2.elf.dir/Drivers/STM32F4xx_HAL_Driver/Src/stm32f4xx_hal_tim_ex.c.obj
 .ARM.attributes
                0x0000041f       0x34 CMakeFiles/Engineering_UserDefine_Version2.elf.dir/Drivers/STM32F4xx_HAL_Driver/Src/stm32f4xx_hal_uart.c.obj
 .ARM.attributes
                0x00000453       0x34 CMakeFiles/Engineering_UserDefine_Version2.elf.dir/Middlewares/Third_Party/FreeRTOS/Source/CMSIS_RTOS/cmsis_os.c.obj
 .ARM.attributes
                0x00000487       0x34 CMakeFiles/Engineering_UserDefine_Version2.elf.dir/Middlewares/Third_Party/FreeRTOS/Source/list.c.obj
 .ARM.attributes
                0x000004bb       0x34 CMakeFiles/Engineering_UserDefine_Version2.elf.dir/Middlewares/Third_Party/FreeRTOS/Source/portable/GCC/ARM_CM4F/port.c.obj
 .ARM.attributes
                0x000004ef       0x34 CMakeFiles/Engineering_UserDefine_Version2.elf.dir/Middlewares/Third_Party/FreeRTOS/Source/portable/MemMang/heap_4.c.obj
 .ARM.attributes
                0x00000523       0x34 CMakeFiles/Engineering_UserDefine_Version2.elf.dir/Middlewares/Third_Party/FreeRTOS/Source/queue.c.obj
 .ARM.attributes
                0x00000557       0x34 CMakeFiles/Engineering_UserDefine_Version2.elf.dir/Middlewares/Third_Party/FreeRTOS/Source/tasks.c.obj
 .ARM.attributes
                0x0000058b       0x34 CMakeFiles/Engineering_UserDefine_Version2.elf.dir/USER/encode_iic.c.obj
 .ARM.attributes
                0x000005bf       0x34 CMakeFiles/Engineering_UserDefine_Version2.elf.dir/USER/filter.c.obj
 .ARM.attributes
                0x000005f3       0x34 CMakeFiles/Engineering_UserDefine_Version2.elf.dir/USER/usart2_send.c.obj
 .ARM.attributes
                0x00000627       0x34 CMakeFiles/Engineering_UserDefine_Version2.elf.dir/Virtual_IIC/iic1.c.obj
 .ARM.attributes
                0x0000065b       0x34 CMakeFiles/Engineering_UserDefine_Version2.elf.dir/Virtual_IIC/iic2.c.obj
 .ARM.attributes
                0x0000068f       0x34 CMakeFiles/Engineering_UserDefine_Version2.elf.dir/Virtual_IIC/iic3.c.obj
 .ARM.attributes
                0x000006c3       0x34 CMakeFiles/Engineering_UserDefine_Version2.elf.dir/Virtual_IIC/iic4.c.obj
 .ARM.attributes
                0x000006f7       0x34 CMakeFiles/Engineering_UserDefine_Version2.elf.dir/Virtual_IIC/iic5.c.obj
 .ARM.attributes
                0x0000072b       0x34 CMakeFiles/Engineering_UserDefine_Version2.elf.dir/Virtual_IIC/iic6.c.obj
 .ARM.attributes
                0x0000075f       0x22 I:/ARM-GN~1.3/133167~1.3RE/bin/../lib/gcc/arm-none-eabi/13.3.1/thumb/v7e-m+fp/hard\libgcc.a(_arm_muldf3.o)
 .ARM.attributes
                0x00000781       0x22 I:/ARM-GN~1.3/133167~1.3RE/bin/../lib/gcc/arm-none-eabi/13.3.1/thumb/v7e-m+fp/hard\libgcc.a(_arm_addsubdf3.o)
 .ARM.attributes
                0x000007a3       0x22 I:/ARM-GN~1.3/133167~1.3RE/bin/../lib/gcc/arm-none-eabi/13.3.1/thumb/v7e-m+fp/hard\libgcc.a(_arm_truncdfsf2.o)
 .ARM.attributes
                0x000007c5       0x22 I:/ARM-GN~1.3/133167~1.3RE/bin/../lib/gcc/arm-none-eabi/13.3.1/thumb/v7e-m+fp/hard\libgcc.a(_aeabi_uldivmod.o)
 .ARM.attributes
                0x000007e7       0x34 I:/ARM-GN~1.3/133167~1.3RE/bin/../lib/gcc/arm-none-eabi/13.3.1/thumb/v7e-m+fp/hard\libgcc.a(_udivmoddi4.o)
 .ARM.attributes
                0x0000081b       0x22 I:/ARM-GN~1.3/133167~1.3RE/bin/../lib/gcc/arm-none-eabi/13.3.1/thumb/v7e-m+fp/hard\libgcc.a(_dvmd_tls.o)
 .ARM.attributes
                0x0000083d       0x34 I:/ARM-GN~1.3/133167~1.3RE/bin/../lib/gcc/arm-none-eabi/13.3.1/thumb/v7e-m+fp/hard\libg.a(libc_a-findfp.o)
 .ARM.attributes
                0x00000871       0x34 I:/ARM-GN~1.3/133167~1.3RE/bin/../lib/gcc/arm-none-eabi/13.3.1/thumb/v7e-m+fp/hard\libg.a(libc_a-fwalk.o)
 .ARM.attributes
                0x000008a5       0x34 I:/ARM-GN~1.3/133167~1.3RE/bin/../lib/gcc/arm-none-eabi/13.3.1/thumb/v7e-m+fp/hard\libg.a(libc_a-puts.o)
 .ARM.attributes
                0x000008d9       0x34 I:/ARM-GN~1.3/133167~1.3RE/bin/../lib/gcc/arm-none-eabi/13.3.1/thumb/v7e-m+fp/hard\libg.a(libc_a-stdio.o)
 .ARM.attributes
                0x0000090d       0x34 I:/ARM-GN~1.3/133167~1.3RE/bin/../lib/gcc/arm-none-eabi/13.3.1/thumb/v7e-m+fp/hard\libg.a(libc_a-memset.o)
 .ARM.attributes
                0x00000941       0x34 I:/ARM-GN~1.3/133167~1.3RE/bin/../lib/gcc/arm-none-eabi/13.3.1/thumb/v7e-m+fp/hard\libg.a(libc_a-closer.o)
 .ARM.attributes